2025-06-05 11:50:04 INFO  c.e.s.СontrollerApplication - Starting СontrollerApplication using Java 21.0.4 with PID 8588 (C:\Users\79162\IdeaProjects\kontroller\target\classes started by 79162 in C:\Users\79162\IdeaProjects\kontroller)
2025-06-05 11:50:04 DEBUG c.e.s.СontrollerApplication - Running with Spring Boot v3.1.5, Spring v6.0.13
2025-06-05 11:50:04 INFO  c.e.s.СontrollerApplication - No active profile set, falling back to 1 default profile: "default"
2025-06-05 11:50:04 INFO  o.s.b.d.e.DevToolsPropertyDefaultsPostProcessor - Devtools property defaults active! Set 'spring.devtools.add-properties' to 'false' to disable
2025-06-05 11:50:04 INFO  o.s.b.d.e.DevToolsPropertyDefaultsPostProcessor - For additional web related logging consider setting the 'logging.level.web' property to 'DEBUG'
2025-06-05 11:50:05 INFO  o.s.d.r.c.RepositoryConfigurationDelegate - Bootstrapping Spring Data JPA repositories in DEFAULT mode.
2025-06-05 11:50:05 INFO  o.s.d.r.c.RepositoryConfigurationDelegate - Finished Spring Data repository scanning in 106 ms. Found 2 JPA repository interfaces.
2025-06-05 11:50:06 INFO  o.s.b.w.e.tomcat.TomcatWebServer - Tomcat initialized with port(s): 8080 (http)
2025-06-05 11:50:06 INFO  o.a.coyote.http11.Http11NioProtocol - Initializing ProtocolHandler ["http-nio-8080"]
2025-06-05 11:50:06 INFO  o.a.catalina.core.StandardService - Starting service [Tomcat]
2025-06-05 11:50:06 INFO  o.a.catalina.core.StandardEngine - Starting Servlet engine: [Apache Tomcat/10.1.15]
2025-06-05 11:50:07 INFO  o.a.c.c.C.[Tomcat].[localhost].[/] - Initializing Spring embedded WebApplicationContext
2025-06-05 11:50:07 INFO  o.s.b.w.s.c.ServletWebServerApplicationContext - Root WebApplicationContext: initialization completed in 2920 ms
2025-06-05 11:50:07 INFO  com.zaxxer.hikari.HikariDataSource - HikariPool-1 - Starting...
2025-06-05 11:50:07 INFO  com.zaxxer.hikari.pool.HikariPool - HikariPool-1 - Added connection conn0: url=jdbc:h2:mem:testdb user=SA
2025-06-05 11:50:07 INFO  com.zaxxer.hikari.HikariDataSource - HikariPool-1 - Start completed.
2025-06-05 11:50:07 INFO  o.s.b.a.h.H2ConsoleAutoConfiguration - H2 console available at '/h2-console'. Database available at 'jdbc:h2:mem:testdb'
2025-06-05 11:50:07 INFO  o.h.jpa.internal.util.LogHelper - HHH000204: Processing PersistenceUnitInfo [name: default]
2025-06-05 11:50:07 INFO  org.hibernate.Version - HHH000412: Hibernate ORM core version 6.2.13.Final
2025-06-05 11:50:07 INFO  org.hibernate.cfg.Environment - HHH000406: Using bytecode reflection optimizer
2025-06-05 11:50:08 INFO  o.s.o.j.p.SpringPersistenceUnitInfo - No LoadTimeWeaver setup: ignoring JPA class transformer
2025-06-05 11:50:10 INFO  o.h.e.t.j.p.i.JtaPlatformInitiator - HHH000489: No JTA platform available (set 'hibernate.transaction.jta.platform' to enable JTA platform integration)
2025-06-05 11:50:10 INFO  o.s.o.j.LocalContainerEntityManagerFactoryBean - Initialized JPA EntityManagerFactory for persistence unit 'default'
2025-06-05 11:50:11 WARN  o.s.b.a.o.j.JpaBaseConfiguration$JpaWebConfiguration - spring.jpa.open-in-view is enabled by default. Therefore, database queries may be performed during view rendering. Explicitly configure spring.jpa.open-in-view to disable this warning
2025-06-05 11:50:14 INFO  o.s.b.d.a.OptionalLiveReloadServer - LiveReload server is running on port 35729
2025-06-05 11:50:14 INFO  o.a.coyote.http11.Http11NioProtocol - Starting ProtocolHandler ["http-nio-8080"]
2025-06-05 11:50:14 INFO  o.s.b.w.e.tomcat.TomcatWebServer - Tomcat started on port(s): 8080 (http) with context path ''
2025-06-05 11:50:14 INFO  c.e.s.СontrollerApplication - Started СontrollerApplication in 11.553 seconds (process running for 15.763)
2025-06-05 11:50:30 INFO  o.a.c.c.C.[Tomcat].[localhost].[/] - Initializing Spring DispatcherServlet 'dispatcherServlet'
2025-06-05 11:50:30 INFO  o.s.web.servlet.DispatcherServlet - Initializing Servlet 'dispatcherServlet'
2025-06-05 11:50:30 INFO  o.s.web.servlet.DispatcherServlet - Completed initialization in 3 ms
2025-06-05 11:50:33 WARN  o.t.s.p.AbstractStandardFragmentInsertionTagProcessor - [THYMELEAF][http-nio-8080-exec-4][layout] Deprecated unwrapped fragment expression "${contentTemplate} :: content" found in template layout, line 21, col 10. Please use the complete syntax of fragment expressions instead ("~{${contentTemplate} :: content}"). The old, unwrapped syntax for fragment expressions will be removed in future versions of Thymeleaf.
2025-06-05 11:50:35 WARN  o.t.s.p.AbstractStandardFragmentInsertionTagProcessor - [THYMELEAF][http-nio-8080-exec-6][layout] Deprecated unwrapped fragment expression "${contentTemplate} :: content" found in template layout, line 21, col 10. Please use the complete syntax of fragment expressions instead ("~{${contentTemplate} :: content}"). The old, unwrapped syntax for fragment expressions will be removed in future versions of Thymeleaf.
2025-06-05 11:50:37 WARN  o.t.s.p.AbstractStandardFragmentInsertionTagProcessor - [THYMELEAF][http-nio-8080-exec-8][layout] Deprecated unwrapped fragment expression "${contentTemplate} :: content" found in template layout, line 21, col 10. Please use the complete syntax of fragment expressions instead ("~{${contentTemplate} :: content}"). The old, unwrapped syntax for fragment expressions will be removed in future versions of Thymeleaf.
2025-06-05 11:50:38 WARN  o.t.s.p.AbstractStandardFragmentInsertionTagProcessor - [THYMELEAF][http-nio-8080-exec-10][layout] Deprecated unwrapped fragment expression "${contentTemplate} :: content" found in template layout, line 21, col 10. Please use the complete syntax of fragment expressions instead ("~{${contentTemplate} :: content}"). The old, unwrapped syntax for fragment expressions will be removed in future versions of Thymeleaf.
2025-06-05 11:50:39 WARN  o.t.s.p.AbstractStandardFragmentInsertionTagProcessor - [THYMELEAF][http-nio-8080-exec-2][layout] Deprecated unwrapped fragment expression "${contentTemplate} :: content" found in template layout, line 21, col 10. Please use the complete syntax of fragment expressions instead ("~{${contentTemplate} :: content}"). The old, unwrapped syntax for fragment expressions will be removed in future versions of Thymeleaf.
2025-06-05 11:50:40 WARN  o.t.s.p.AbstractStandardFragmentInsertionTagProcessor - [THYMELEAF][http-nio-8080-exec-4][layout] Deprecated unwrapped fragment expression "${contentTemplate} :: content" found in template layout, line 21, col 10. Please use the complete syntax of fragment expressions instead ("~{${contentTemplate} :: content}"). The old, unwrapped syntax for fragment expressions will be removed in future versions of Thymeleaf.
2025-06-05 12:20:56 INFO  o.s.o.j.LocalContainerEntityManagerFactoryBean - Closing JPA EntityManagerFactory for persistence unit 'default'
2025-06-05 12:20:56 WARN  o.s.b.f.s.DisposableBeanAdapter - Invocation of destroy method failed on bean with name 'inMemoryDatabaseShutdownExecutor': org.h2.jdbc.JdbcSQLNonTransientConnectionException: База данных уже закрыта (чтобы отключить автоматическое закрытие базы данных при останове JVM, добавьте ";DB_CLOSE_ON_EXIT=FALSE" в URL)
Database is already closed (to disable automatic closing at VM shutdown, add ";DB_CLOSE_ON_EXIT=FALSE" to the db URL) [90121-214]
2025-06-05 12:20:56 INFO  com.zaxxer.hikari.HikariDataSource - HikariPool-1 - Shutdown initiated...
2025-06-05 12:20:56 INFO  com.zaxxer.hikari.HikariDataSource - HikariPool-1 - Shutdown completed.
2025-06-05 18:01:19 INFO  c.e.s.СontrollerApplication - Starting СontrollerApplication using Java 21.0.4 with PID 18928 (C:\Users\79162\IdeaProjects\kontroller\target\classes started by 79162 in C:\Users\79162\IdeaProjects\kontroller)
2025-06-05 18:01:19 DEBUG c.e.s.СontrollerApplication - Running with Spring Boot v3.1.5, Spring v6.0.13
2025-06-05 18:01:19 INFO  c.e.s.СontrollerApplication - No active profile set, falling back to 1 default profile: "default"
2025-06-05 18:01:19 INFO  o.s.b.d.e.DevToolsPropertyDefaultsPostProcessor - Devtools property defaults active! Set 'spring.devtools.add-properties' to 'false' to disable
2025-06-05 18:01:19 INFO  o.s.b.d.e.DevToolsPropertyDefaultsPostProcessor - For additional web related logging consider setting the 'logging.level.web' property to 'DEBUG'
2025-06-05 18:01:24 INFO  o.s.d.r.c.RepositoryConfigurationDelegate - Bootstrapping Spring Data JPA repositories in DEFAULT mode.
2025-06-05 18:01:24 INFO  o.s.d.r.c.RepositoryConfigurationDelegate - Finished Spring Data repository scanning in 455 ms. Found 2 JPA repository interfaces.
2025-06-05 18:01:27 INFO  o.s.b.w.e.tomcat.TomcatWebServer - Tomcat initialized with port(s): 8080 (http)
2025-06-05 18:01:27 INFO  o.a.coyote.http11.Http11NioProtocol - Initializing ProtocolHandler ["http-nio-8080"]
2025-06-05 18:01:27 INFO  o.a.catalina.core.StandardService - Starting service [Tomcat]
2025-06-05 18:01:27 INFO  o.a.catalina.core.StandardEngine - Starting Servlet engine: [Apache Tomcat/10.1.15]
2025-06-05 18:01:28 INFO  o.a.c.c.C.[Tomcat].[localhost].[/] - Initializing Spring embedded WebApplicationContext
2025-06-05 18:01:28 INFO  o.s.b.w.s.c.ServletWebServerApplicationContext - Root WebApplicationContext: initialization completed in 8445 ms
2025-06-05 18:01:28 INFO  com.zaxxer.hikari.HikariDataSource - HikariPool-1 - Starting...
2025-06-05 18:01:29 INFO  com.zaxxer.hikari.pool.HikariPool - HikariPool-1 - Added connection conn0: url=jdbc:h2:mem:testdb user=SA
2025-06-05 18:01:29 INFO  com.zaxxer.hikari.HikariDataSource - HikariPool-1 - Start completed.
2025-06-05 18:01:29 INFO  o.s.b.a.h.H2ConsoleAutoConfiguration - H2 console available at '/h2-console'. Database available at 'jdbc:h2:mem:testdb'
2025-06-05 18:01:29 INFO  o.h.jpa.internal.util.LogHelper - HHH000204: Processing PersistenceUnitInfo [name: default]
2025-06-05 18:01:30 INFO  org.hibernate.Version - HHH000412: Hibernate ORM core version 6.2.13.Final
2025-06-05 18:01:30 INFO  org.hibernate.cfg.Environment - HHH000406: Using bytecode reflection optimizer
2025-06-05 18:01:30 INFO  o.s.o.j.p.SpringPersistenceUnitInfo - No LoadTimeWeaver setup: ignoring JPA class transformer
2025-06-05 18:01:33 INFO  o.h.e.t.j.p.i.JtaPlatformInitiator - HHH000489: No JTA platform available (set 'hibernate.transaction.jta.platform' to enable JTA platform integration)
2025-06-05 18:01:34 INFO  o.s.o.j.LocalContainerEntityManagerFactoryBean - Initialized JPA EntityManagerFactory for persistence unit 'default'
2025-06-05 18:01:35 WARN  o.s.b.a.o.j.JpaBaseConfiguration$JpaWebConfiguration - spring.jpa.open-in-view is enabled by default. Therefore, database queries may be performed during view rendering. Explicitly configure spring.jpa.open-in-view to disable this warning
2025-06-05 18:01:36 INFO  o.s.b.d.a.OptionalLiveReloadServer - LiveReload server is running on port 35729
2025-06-05 18:01:36 INFO  o.a.coyote.http11.Http11NioProtocol - Starting ProtocolHandler ["http-nio-8080"]
2025-06-05 18:01:36 INFO  o.s.b.w.e.tomcat.TomcatWebServer - Tomcat started on port(s): 8080 (http) with context path ''
2025-06-05 18:01:36 INFO  c.e.s.СontrollerApplication - Started СontrollerApplication in 20.0 seconds (process running for 24.09)
2025-06-05 18:02:19 INFO  o.s.b.d.a.LocalDevToolsAutoConfiguration$RestartingClassPathChangeChangedEventListener - Restarting due to 36 class path changes (0 additions, 34 deletions, 2 modifications)
2025-06-05 18:02:19 INFO  o.a.coyote.http11.Http11NioProtocol - Pausing ProtocolHandler ["http-nio-8080"]
2025-06-05 18:02:19 INFO  o.a.catalina.core.StandardService - Stopping service [Tomcat]
2025-06-05 18:02:19 INFO  o.a.coyote.http11.Http11NioProtocol - Stopping ProtocolHandler ["http-nio-8080"]
2025-06-05 18:02:19 INFO  o.a.coyote.http11.Http11NioProtocol - Destroying ProtocolHandler ["http-nio-8080"]
2025-06-05 18:02:19 INFO  o.s.o.j.LocalContainerEntityManagerFactoryBean - Closing JPA EntityManagerFactory for persistence unit 'default'
2025-06-05 18:02:20 WARN  o.s.b.f.s.DisposableBeanAdapter - Invocation of destroy method failed on bean with name 'inMemoryDatabaseShutdownExecutor': org.h2.jdbc.JdbcSQLNonTransientConnectionException: База данных уже закрыта (чтобы отключить автоматическое закрытие базы данных при останове JVM, добавьте ";DB_CLOSE_ON_EXIT=FALSE" в URL)
Database is already closed (to disable automatic closing at VM shutdown, add ";DB_CLOSE_ON_EXIT=FALSE" to the db URL) [90121-214]
2025-06-05 18:02:20 INFO  com.zaxxer.hikari.HikariDataSource - HikariPool-1 - Shutdown initiated...
2025-06-05 18:02:20 INFO  com.zaxxer.hikari.HikariDataSource - HikariPool-1 - Shutdown completed.
2025-06-05 18:02:20 INFO  c.e.s.СontrollerApplication - Starting СontrollerApplication using Java 21.0.4 with PID 18928 (C:\Users\79162\IdeaProjects\kontroller\target\classes started by 79162 in C:\Users\79162\IdeaProjects\kontroller)
2025-06-05 18:02:20 DEBUG c.e.s.СontrollerApplication - Running with Spring Boot v3.1.5, Spring v6.0.13
2025-06-05 18:02:20 INFO  c.e.s.СontrollerApplication - No active profile set, falling back to 1 default profile: "default"
2025-06-05 18:02:20 INFO  o.s.d.r.c.RepositoryConfigurationDelegate - Bootstrapping Spring Data JPA repositories in DEFAULT mode.
2025-06-05 18:02:20 INFO  o.s.d.r.c.RepositoryConfigurationDelegate - Finished Spring Data repository scanning in 1 ms. Found 0 JPA repository interfaces.
2025-06-05 18:02:20 INFO  o.s.b.w.e.tomcat.TomcatWebServer - Tomcat initialized with port(s): 8080 (http)
2025-06-05 18:02:20 INFO  o.a.coyote.http11.Http11NioProtocol - Initializing ProtocolHandler ["http-nio-8080"]
2025-06-05 18:02:20 INFO  o.a.catalina.core.StandardService - Starting service [Tomcat]
2025-06-05 18:02:20 INFO  o.a.catalina.core.StandardEngine - Starting Servlet engine: [Apache Tomcat/10.1.15]
2025-06-05 18:02:20 INFO  o.a.c.c.C.[Tomcat].[localhost].[/] - Initializing Spring embedded WebApplicationContext
2025-06-05 18:02:20 INFO  o.s.b.w.s.c.ServletWebServerApplicationContext - Root WebApplicationContext: initialization completed in 659 ms
2025-06-05 18:02:21 INFO  com.zaxxer.hikari.HikariDataSource - HikariPool-2 - Starting...
2025-06-05 18:02:21 INFO  com.zaxxer.hikari.pool.HikariPool - HikariPool-2 - Added connection conn10: url=jdbc:h2:mem:testdb user=SA
2025-06-05 18:02:21 INFO  com.zaxxer.hikari.HikariDataSource - HikariPool-2 - Start completed.
2025-06-05 18:02:21 INFO  o.s.b.a.h.H2ConsoleAutoConfiguration - H2 console available at '/h2-console'. Database available at 'jdbc:h2:mem:testdb'
2025-06-05 18:02:21 INFO  o.h.jpa.internal.util.LogHelper - HHH000204: Processing PersistenceUnitInfo [name: default]
2025-06-05 18:02:21 INFO  o.s.o.j.p.SpringPersistenceUnitInfo - No LoadTimeWeaver setup: ignoring JPA class transformer
2025-06-05 18:02:21 INFO  o.h.e.t.j.p.i.JtaPlatformInitiator - HHH000489: No JTA platform available (set 'hibernate.transaction.jta.platform' to enable JTA platform integration)
2025-06-05 18:02:21 INFO  o.s.o.j.LocalContainerEntityManagerFactoryBean - Initialized JPA EntityManagerFactory for persistence unit 'default'
2025-06-05 18:02:21 WARN  o.s.b.a.o.j.JpaBaseConfiguration$JpaWebConfiguration - spring.jpa.open-in-view is enabled by default. Therefore, database queries may be performed during view rendering. Explicitly configure spring.jpa.open-in-view to disable this warning
2025-06-05 18:02:21 INFO  o.s.b.d.a.OptionalLiveReloadServer - LiveReload server is running on port 35729
2025-06-05 18:02:21 INFO  o.a.coyote.http11.Http11NioProtocol - Starting ProtocolHandler ["http-nio-8080"]
2025-06-05 18:02:21 INFO  o.s.b.w.e.tomcat.TomcatWebServer - Tomcat started on port(s): 8080 (http) with context path ''
2025-06-05 18:02:21 INFO  c.e.s.СontrollerApplication - Started СontrollerApplication in 1.29 seconds (process running for 69.051)
2025-06-05 18:02:21 INFO  o.s.b.d.a.ConditionEvaluationDeltaLoggingListener - Condition evaluation unchanged
2025-06-05 18:03:07 INFO  o.s.o.j.LocalContainerEntityManagerFactoryBean - Closing JPA EntityManagerFactory for persistence unit 'default'
2025-06-05 18:03:08 WARN  o.s.b.f.s.DisposableBeanAdapter - Invocation of destroy method failed on bean with name 'inMemoryDatabaseShutdownExecutor': org.h2.jdbc.JdbcSQLNonTransientConnectionException: База данных уже закрыта (чтобы отключить автоматическое закрытие базы данных при останове JVM, добавьте ";DB_CLOSE_ON_EXIT=FALSE" в URL)
Database is already closed (to disable automatic closing at VM shutdown, add ";DB_CLOSE_ON_EXIT=FALSE" to the db URL) [90121-214]
2025-06-05 18:03:08 INFO  com.zaxxer.hikari.HikariDataSource - HikariPool-2 - Shutdown initiated...
2025-06-05 18:03:08 INFO  com.zaxxer.hikari.HikariDataSource - HikariPool-2 - Shutdown completed.
2025-06-05 19:23:53 INFO  c.e.s.СontrollerApplication - Starting СontrollerApplication using Java 21.0.4 with PID 12872 (C:\Users\79162\IdeaProjects\kontroller\target\classes started by 79162 in C:\Users\79162\IdeaProjects\kontroller)
2025-06-05 19:23:53 DEBUG c.e.s.СontrollerApplication - Running with Spring Boot v3.1.5, Spring v6.0.13
2025-06-05 19:23:53 INFO  c.e.s.СontrollerApplication - No active profile set, falling back to 1 default profile: "default"
2025-06-05 19:23:53 INFO  o.s.b.d.e.DevToolsPropertyDefaultsPostProcessor - Devtools property defaults active! Set 'spring.devtools.add-properties' to 'false' to disable
2025-06-05 19:23:53 INFO  o.s.b.d.e.DevToolsPropertyDefaultsPostProcessor - For additional web related logging consider setting the 'logging.level.web' property to 'DEBUG'
2025-06-05 19:23:56 INFO  o.s.d.r.c.RepositoryConfigurationDelegate - Bootstrapping Spring Data JPA repositories in DEFAULT mode.
2025-06-05 19:23:56 INFO  o.s.d.r.c.RepositoryConfigurationDelegate - Finished Spring Data repository scanning in 98 ms. Found 2 JPA repository interfaces.
2025-06-05 19:23:57 INFO  o.s.b.w.e.tomcat.TomcatWebServer - Tomcat initialized with port(s): 8080 (http)
2025-06-05 19:23:57 INFO  o.a.coyote.http11.Http11NioProtocol - Initializing ProtocolHandler ["http-nio-8080"]
2025-06-05 19:23:57 INFO  o.a.catalina.core.StandardService - Starting service [Tomcat]
2025-06-05 19:23:57 INFO  o.a.catalina.core.StandardEngine - Starting Servlet engine: [Apache Tomcat/10.1.15]
2025-06-05 19:23:57 INFO  o.a.c.c.C.[Tomcat].[localhost].[/] - Initializing Spring embedded WebApplicationContext
2025-06-05 19:23:57 INFO  o.s.b.w.s.c.ServletWebServerApplicationContext - Root WebApplicationContext: initialization completed in 3591 ms
2025-06-05 19:23:57 INFO  com.zaxxer.hikari.HikariDataSource - HikariPool-1 - Starting...
2025-06-05 19:23:58 INFO  com.zaxxer.hikari.pool.HikariPool - HikariPool-1 - Added connection conn0: url=jdbc:h2:mem:testdb user=SA
2025-06-05 19:23:58 INFO  com.zaxxer.hikari.HikariDataSource - HikariPool-1 - Start completed.
2025-06-05 19:23:58 INFO  o.s.b.a.h.H2ConsoleAutoConfiguration - H2 console available at '/h2-console'. Database available at 'jdbc:h2:mem:testdb'
2025-06-05 19:23:58 INFO  o.h.jpa.internal.util.LogHelper - HHH000204: Processing PersistenceUnitInfo [name: default]
2025-06-05 19:23:58 INFO  org.hibernate.Version - HHH000412: Hibernate ORM core version 6.2.13.Final
2025-06-05 19:23:58 INFO  org.hibernate.cfg.Environment - HHH000406: Using bytecode reflection optimizer
2025-06-05 19:23:59 INFO  o.s.o.j.p.SpringPersistenceUnitInfo - No LoadTimeWeaver setup: ignoring JPA class transformer
2025-06-05 19:24:00 INFO  o.h.e.t.j.p.i.JtaPlatformInitiator - HHH000489: No JTA platform available (set 'hibernate.transaction.jta.platform' to enable JTA platform integration)
2025-06-05 19:24:01 INFO  o.s.o.j.LocalContainerEntityManagerFactoryBean - Initialized JPA EntityManagerFactory for persistence unit 'default'
2025-06-05 19:24:03 ERROR c.e.s.f.s.a.adam.AdamModbusAdapter - [MODBUS] Initialization failed
com.serotonin.modbus4j.exception.ModbusInitException: java.net.SocketTimeoutException: Connect timed out
	at com.serotonin.modbus4j.ip.tcp.TcpMaster.init(TcpMaster.java:175)
	at com.exempal.shiftcounter.features.signal.adapter.adam.AdamModbusAdapter.init(AdamModbusAdapter.java:38)
	at java.base/jdk.internal.reflect.DirectMethodHandleAccessor.invoke(DirectMethodHandleAccessor.java:103)
	at java.base/java.lang.reflect.Method.invoke(Method.java:580)
	at org.springframework.beans.factory.annotation.InitDestroyAnnotationBeanPostProcessor$LifecycleMethod.invoke(InitDestroyAnnotationBeanPostProcessor.java:457)
	at org.springframework.beans.factory.annotation.InitDestroyAnnotationBeanPostProcessor$LifecycleMetadata.invokeInitMethods(InitDestroyAnnotationBeanPostProcessor.java:401)
	at org.springframework.beans.factory.annotation.InitDestroyAnnotationBeanPostProcessor.postProcessBeforeInitialization(InitDestroyAnnotationBeanPostProcessor.java:219)
	at org.springframework.beans.factory.support.AbstractAutowireCapableBeanFactory.applyBeanPostProcessorsBeforeInitialization(AbstractAutowireCapableBeanFactory.java:419)
	at org.springframework.beans.factory.support.AbstractAutowireCapableBeanFactory.initializeBean(AbstractAutowireCapableBeanFactory.java:1762)
	at org.springframework.beans.factory.support.AbstractAutowireCapableBeanFactory.doCreateBean(AbstractAutowireCapableBeanFactory.java:598)
	at org.springframework.beans.factory.support.AbstractAutowireCapableBeanFactory.createBean(AbstractAutowireCapableBeanFactory.java:520)
	at org.springframework.beans.factory.support.AbstractBeanFactory.lambda$doGetBean$0(AbstractBeanFactory.java:325)
	at org.springframework.beans.factory.support.DefaultSingletonBeanRegistry.getSingleton(DefaultSingletonBeanRegistry.java:234)
	at org.springframework.beans.factory.support.AbstractBeanFactory.doGetBean(AbstractBeanFactory.java:323)
	at org.springframework.beans.factory.support.AbstractBeanFactory.getBean(AbstractBeanFactory.java:199)
	at org.springframework.beans.factory.support.DefaultListableBeanFactory.preInstantiateSingletons(DefaultListableBeanFactory.java:973)
	at org.springframework.context.support.AbstractApplicationContext.finishBeanFactoryInitialization(AbstractApplicationContext.java:950)
	at org.springframework.context.support.AbstractApplicationContext.refresh(AbstractApplicationContext.java:616)
	at org.springframework.boot.web.servlet.context.ServletWebServerApplicationContext.refresh(ServletWebServerApplicationContext.java:146)
	at org.springframework.boot.SpringApplication.refresh(SpringApplication.java:738)
	at org.springframework.boot.SpringApplication.refreshContext(SpringApplication.java:440)
	at org.springframework.boot.SpringApplication.run(SpringApplication.java:316)
	at org.springframework.boot.SpringApplication.run(SpringApplication.java:1306)
	at org.springframework.boot.SpringApplication.run(SpringApplication.java:1295)
	at com.exempal.shiftcounter.СontrollerApplication.main(СontrollerApplication.java:10)
	at java.base/jdk.internal.reflect.DirectMethodHandleAccessor.invoke(DirectMethodHandleAccessor.java:103)
	at java.base/java.lang.reflect.Method.invoke(Method.java:580)
	at org.springframework.boot.devtools.restart.RestartLauncher.run(RestartLauncher.java:50)
Caused by: java.net.SocketTimeoutException: Connect timed out
	at java.base/sun.nio.ch.NioSocketImpl.timedFinishConnect(NioSocketImpl.java:546)
	at java.base/sun.nio.ch.NioSocketImpl.connect(NioSocketImpl.java:592)
	at java.base/java.net.SocksSocketImpl.connect(SocksSocketImpl.java:327)
	at java.base/java.net.Socket.connect(Socket.java:751)
	at com.serotonin.modbus4j.ip.tcp.TcpMaster.openConnection(TcpMaster.java:302)
	at com.serotonin.modbus4j.ip.tcp.TcpMaster.init(TcpMaster.java:172)
	... 27 common frames omitted
2025-06-05 19:24:03 WARN  o.s.b.a.o.j.JpaBaseConfiguration$JpaWebConfiguration - spring.jpa.open-in-view is enabled by default. Therefore, database queries may be performed during view rendering. Explicitly configure spring.jpa.open-in-view to disable this warning
2025-06-05 19:24:04 INFO  o.s.b.d.a.OptionalLiveReloadServer - LiveReload server is running on port 35729
2025-06-05 19:24:04 INFO  o.a.coyote.http11.Http11NioProtocol - Starting ProtocolHandler ["http-nio-8080"]
2025-06-05 19:24:04 INFO  o.s.b.w.e.tomcat.TomcatWebServer - Tomcat started on port(s): 8080 (http) with context path ''
2025-06-05 19:24:04 INFO  c.e.s.СontrollerApplication - Started СontrollerApplication in 13.263 seconds (process running for 15.922)
2025-06-05 19:24:39 INFO  o.a.c.c.C.[Tomcat].[localhost].[/] - Initializing Spring DispatcherServlet 'dispatcherServlet'
2025-06-05 19:24:39 INFO  o.s.web.servlet.DispatcherServlet - Initializing Servlet 'dispatcherServlet'
2025-06-05 19:24:39 INFO  o.s.web.servlet.DispatcherServlet - Completed initialization in 1 ms
2025-06-05 19:24:40 WARN  o.t.s.p.AbstractStandardFragmentInsertionTagProcessor - [THYMELEAF][http-nio-8080-exec-1][layout] Deprecated unwrapped fragment expression "${contentTemplate} :: content" found in template layout, line 21, col 10. Please use the complete syntax of fragment expressions instead ("~{${contentTemplate} :: content}"). The old, unwrapped syntax for fragment expressions will be removed in future versions of Thymeleaf.
2025-06-05 19:24:43 WARN  o.t.s.p.AbstractStandardFragmentInsertionTagProcessor - [THYMELEAF][http-nio-8080-exec-4][layout] Deprecated unwrapped fragment expression "${contentTemplate} :: content" found in template layout, line 21, col 10. Please use the complete syntax of fragment expressions instead ("~{${contentTemplate} :: content}"). The old, unwrapped syntax for fragment expressions will be removed in future versions of Thymeleaf.
2025-06-05 19:24:45 WARN  o.t.s.p.AbstractStandardFragmentInsertionTagProcessor - [THYMELEAF][http-nio-8080-exec-6][layout] Deprecated unwrapped fragment expression "${contentTemplate} :: content" found in template layout, line 21, col 10. Please use the complete syntax of fragment expressions instead ("~{${contentTemplate} :: content}"). The old, unwrapped syntax for fragment expressions will be removed in future versions of Thymeleaf.
2025-06-05 19:24:46 WARN  o.t.s.p.AbstractStandardFragmentInsertionTagProcessor - [THYMELEAF][http-nio-8080-exec-8][layout] Deprecated unwrapped fragment expression "${contentTemplate} :: content" found in template layout, line 21, col 10. Please use the complete syntax of fragment expressions instead ("~{${contentTemplate} :: content}"). The old, unwrapped syntax for fragment expressions will be removed in future versions of Thymeleaf.
2025-06-05 19:24:48 WARN  o.t.s.p.AbstractStandardFragmentInsertionTagProcessor - [THYMELEAF][http-nio-8080-exec-2][layout] Deprecated unwrapped fragment expression "${contentTemplate} :: content" found in template layout, line 21, col 10. Please use the complete syntax of fragment expressions instead ("~{${contentTemplate} :: content}"). The old, unwrapped syntax for fragment expressions will be removed in future versions of Thymeleaf.
2025-06-05 19:24:48 WARN  o.t.s.p.AbstractStandardFragmentInsertionTagProcessor - [THYMELEAF][http-nio-8080-exec-4][layout] Deprecated unwrapped fragment expression "${contentTemplate} :: content" found in template layout, line 21, col 10. Please use the complete syntax of fragment expressions instead ("~{${contentTemplate} :: content}"). The old, unwrapped syntax for fragment expressions will be removed in future versions of Thymeleaf.
2025-06-05 19:24:49 WARN  o.t.s.p.AbstractStandardFragmentInsertionTagProcessor - [THYMELEAF][http-nio-8080-exec-6][layout] Deprecated unwrapped fragment expression "${contentTemplate} :: content" found in template layout, line 21, col 10. Please use the complete syntax of fragment expressions instead ("~{${contentTemplate} :: content}"). The old, unwrapped syntax for fragment expressions will be removed in future versions of Thymeleaf.
2025-06-05 19:28:56 INFO  o.s.b.d.a.LocalDevToolsAutoConfiguration$RestartingClassPathChangeChangedEventListener - Restarting due to 36 class path changes (0 additions, 0 deletions, 36 modifications)
2025-06-05 19:28:56 INFO  o.a.coyote.http11.Http11NioProtocol - Pausing ProtocolHandler ["http-nio-8080"]
2025-06-05 19:28:56 INFO  o.a.catalina.core.StandardService - Stopping service [Tomcat]
2025-06-05 19:28:56 INFO  o.a.c.c.C.[Tomcat].[localhost].[/] - Destroying Spring FrameworkServlet 'dispatcherServlet'
2025-06-05 19:28:56 INFO  o.a.coyote.http11.Http11NioProtocol - Stopping ProtocolHandler ["http-nio-8080"]
2025-06-05 19:28:56 INFO  o.a.coyote.http11.Http11NioProtocol - Destroying ProtocolHandler ["http-nio-8080"]
2025-06-05 19:28:56 INFO  c.e.s.f.s.a.adam.AdamModbusAdapter - [MODBUS] Connection closed
2025-06-05 19:28:56 INFO  o.s.o.j.LocalContainerEntityManagerFactoryBean - Closing JPA EntityManagerFactory for persistence unit 'default'
2025-06-05 19:28:57 WARN  o.s.b.f.s.DisposableBeanAdapter - Invocation of destroy method failed on bean with name 'inMemoryDatabaseShutdownExecutor': org.h2.jdbc.JdbcSQLNonTransientConnectionException: База данных уже закрыта (чтобы отключить автоматическое закрытие базы данных при останове JVM, добавьте ";DB_CLOSE_ON_EXIT=FALSE" в URL)
Database is already closed (to disable automatic closing at VM shutdown, add ";DB_CLOSE_ON_EXIT=FALSE" to the db URL) [90121-214]
2025-06-05 19:28:57 INFO  com.zaxxer.hikari.HikariDataSource - HikariPool-1 - Shutdown initiated...
2025-06-05 19:28:57 INFO  com.zaxxer.hikari.HikariDataSource - HikariPool-1 - Shutdown completed.
2025-06-05 19:28:58 INFO  c.e.s.СontrollerApplication - Starting СontrollerApplication using Java 21.0.4 with PID 12872 (C:\Users\79162\IdeaProjects\kontroller\target\classes started by 79162 in C:\Users\79162\IdeaProjects\kontroller)
2025-06-05 19:28:58 DEBUG c.e.s.СontrollerApplication - Running with Spring Boot v3.1.5, Spring v6.0.13
2025-06-05 19:28:58 INFO  c.e.s.СontrollerApplication - No active profile set, falling back to 1 default profile: "default"
2025-06-05 19:28:59 INFO  o.s.d.r.c.RepositoryConfigurationDelegate - Bootstrapping Spring Data JPA repositories in DEFAULT mode.
2025-06-05 19:28:59 INFO  o.s.d.r.c.RepositoryConfigurationDelegate - Finished Spring Data repository scanning in 52 ms. Found 2 JPA repository interfaces.
2025-06-05 19:29:00 INFO  o.s.b.w.e.tomcat.TomcatWebServer - Tomcat initialized with port(s): 8080 (http)
2025-06-05 19:29:00 INFO  o.a.coyote.http11.Http11NioProtocol - Initializing ProtocolHandler ["http-nio-8080"]
2025-06-05 19:29:00 INFO  o.a.catalina.core.StandardService - Starting service [Tomcat]
2025-06-05 19:29:00 INFO  o.a.catalina.core.StandardEngine - Starting Servlet engine: [Apache Tomcat/10.1.15]
2025-06-05 19:29:00 INFO  o.a.c.c.C.[Tomcat].[localhost].[/] - Initializing Spring embedded WebApplicationContext
2025-06-05 19:29:00 INFO  o.s.b.w.s.c.ServletWebServerApplicationContext - Root WebApplicationContext: initialization completed in 2398 ms
2025-06-05 19:29:00 INFO  com.zaxxer.hikari.HikariDataSource - HikariPool-2 - Starting...
2025-06-05 19:29:00 INFO  com.zaxxer.hikari.pool.HikariPool - HikariPool-2 - Added connection conn10: url=jdbc:h2:mem:testdb user=SA
2025-06-05 19:29:00 INFO  com.zaxxer.hikari.HikariDataSource - HikariPool-2 - Start completed.
2025-06-05 19:29:00 INFO  o.s.b.a.h.H2ConsoleAutoConfiguration - H2 console available at '/h2-console'. Database available at 'jdbc:h2:mem:testdb'
2025-06-05 19:29:00 INFO  o.h.jpa.internal.util.LogHelper - HHH000204: Processing PersistenceUnitInfo [name: default]
2025-06-05 19:29:00 INFO  o.s.o.j.p.SpringPersistenceUnitInfo - No LoadTimeWeaver setup: ignoring JPA class transformer
2025-06-05 19:29:01 INFO  o.h.e.t.j.p.i.JtaPlatformInitiator - HHH000489: No JTA platform available (set 'hibernate.transaction.jta.platform' to enable JTA platform integration)
2025-06-05 19:29:01 INFO  o.s.o.j.LocalContainerEntityManagerFactoryBean - Initialized JPA EntityManagerFactory for persistence unit 'default'
2025-06-05 19:29:02 ERROR c.e.s.f.s.a.adam.AdamModbusAdapter - [MODBUS] Initialization failed
com.serotonin.modbus4j.exception.ModbusInitException: java.net.SocketTimeoutException: Connect timed out
	at com.serotonin.modbus4j.ip.tcp.TcpMaster.init(TcpMaster.java:175)
	at com.exempal.shiftcounter.features.signal.adapter.adam.AdamModbusAdapter.init(AdamModbusAdapter.java:38)
	at java.base/jdk.internal.reflect.DirectMethodHandleAccessor.invoke(DirectMethodHandleAccessor.java:103)
	at java.base/java.lang.reflect.Method.invoke(Method.java:580)
	at org.springframework.beans.factory.annotation.InitDestroyAnnotationBeanPostProcessor$LifecycleMethod.invoke(InitDestroyAnnotationBeanPostProcessor.java:457)
	at org.springframework.beans.factory.annotation.InitDestroyAnnotationBeanPostProcessor$LifecycleMetadata.invokeInitMethods(InitDestroyAnnotationBeanPostProcessor.java:401)
	at org.springframework.beans.factory.annotation.InitDestroyAnnotationBeanPostProcessor.postProcessBeforeInitialization(InitDestroyAnnotationBeanPostProcessor.java:219)
	at org.springframework.beans.factory.support.AbstractAutowireCapableBeanFactory.applyBeanPostProcessorsBeforeInitialization(AbstractAutowireCapableBeanFactory.java:419)
	at org.springframework.beans.factory.support.AbstractAutowireCapableBeanFactory.initializeBean(AbstractAutowireCapableBeanFactory.java:1762)
	at org.springframework.beans.factory.support.AbstractAutowireCapableBeanFactory.doCreateBean(AbstractAutowireCapableBeanFactory.java:598)
	at org.springframework.beans.factory.support.AbstractAutowireCapableBeanFactory.createBean(AbstractAutowireCapableBeanFactory.java:520)
	at org.springframework.beans.factory.support.AbstractBeanFactory.lambda$doGetBean$0(AbstractBeanFactory.java:325)
	at org.springframework.beans.factory.support.DefaultSingletonBeanRegistry.getSingleton(DefaultSingletonBeanRegistry.java:234)
	at org.springframework.beans.factory.support.AbstractBeanFactory.doGetBean(AbstractBeanFactory.java:323)
	at org.springframework.beans.factory.support.AbstractBeanFactory.getBean(AbstractBeanFactory.java:199)
	at org.springframework.beans.factory.support.DefaultListableBeanFactory.preInstantiateSingletons(DefaultListableBeanFactory.java:973)
	at org.springframework.context.support.AbstractApplicationContext.finishBeanFactoryInitialization(AbstractApplicationContext.java:950)
	at org.springframework.context.support.AbstractApplicationContext.refresh(AbstractApplicationContext.java:616)
	at org.springframework.boot.web.servlet.context.ServletWebServerApplicationContext.refresh(ServletWebServerApplicationContext.java:146)
	at org.springframework.boot.SpringApplication.refresh(SpringApplication.java:738)
	at org.springframework.boot.SpringApplication.refreshContext(SpringApplication.java:440)
	at org.springframework.boot.SpringApplication.run(SpringApplication.java:316)
	at org.springframework.boot.SpringApplication.run(SpringApplication.java:1306)
	at org.springframework.boot.SpringApplication.run(SpringApplication.java:1295)
	at com.exempal.shiftcounter.СontrollerApplication.main(СontrollerApplication.java:10)
	at java.base/jdk.internal.reflect.DirectMethodHandleAccessor.invoke(DirectMethodHandleAccessor.java:103)
	at java.base/java.lang.reflect.Method.invoke(Method.java:580)
	at org.springframework.boot.devtools.restart.RestartLauncher.run(RestartLauncher.java:50)
Caused by: java.net.SocketTimeoutException: Connect timed out
	at java.base/sun.nio.ch.NioSocketImpl.timedFinishConnect(NioSocketImpl.java:546)
	at java.base/sun.nio.ch.NioSocketImpl.connect(NioSocketImpl.java:592)
	at java.base/java.net.SocksSocketImpl.connect(SocksSocketImpl.java:327)
	at java.base/java.net.Socket.connect(Socket.java:751)
	at com.serotonin.modbus4j.ip.tcp.TcpMaster.openConnection(TcpMaster.java:302)
	at com.serotonin.modbus4j.ip.tcp.TcpMaster.init(TcpMaster.java:172)
	... 27 common frames omitted
2025-06-05 19:29:02 WARN  o.s.b.a.o.j.JpaBaseConfiguration$JpaWebConfiguration - spring.jpa.open-in-view is enabled by default. Therefore, database queries may be performed during view rendering. Explicitly configure spring.jpa.open-in-view to disable this warning
2025-06-05 19:29:02 INFO  o.s.b.d.a.OptionalLiveReloadServer - LiveReload server is running on port 35729
2025-06-05 19:29:02 INFO  o.a.coyote.http11.Http11NioProtocol - Starting ProtocolHandler ["http-nio-8080"]
2025-06-05 19:29:02 INFO  o.s.b.w.e.tomcat.TomcatWebServer - Tomcat started on port(s): 8080 (http) with context path ''
2025-06-05 19:29:02 INFO  c.e.s.СontrollerApplication - Started СontrollerApplication in 4.343 seconds (process running for 313.517)
2025-06-05 19:29:02 INFO  o.s.b.d.a.ConditionEvaluationDeltaLoggingListener - Condition evaluation unchanged
2025-06-05 19:30:43 INFO  o.s.b.d.a.LocalDevToolsAutoConfiguration$RestartingClassPathChangeChangedEventListener - Restarting due to 2 class path changes (0 additions, 0 deletions, 2 modifications)
2025-06-05 19:30:43 INFO  o.a.coyote.http11.Http11NioProtocol - Pausing ProtocolHandler ["http-nio-8080"]
2025-06-05 19:30:43 INFO  o.a.catalina.core.StandardService - Stopping service [Tomcat]
2025-06-05 19:30:43 INFO  o.a.coyote.http11.Http11NioProtocol - Stopping ProtocolHandler ["http-nio-8080"]
2025-06-05 19:30:43 INFO  o.a.coyote.http11.Http11NioProtocol - Destroying ProtocolHandler ["http-nio-8080"]
2025-06-05 19:30:43 INFO  c.e.s.f.s.a.adam.AdamModbusAdapter - [MODBUS] Connection closed
2025-06-05 19:30:43 INFO  o.s.o.j.LocalContainerEntityManagerFactoryBean - Closing JPA EntityManagerFactory for persistence unit 'default'
2025-06-05 19:30:43 WARN  o.s.b.f.s.DisposableBeanAdapter - Invocation of destroy method failed on bean with name 'inMemoryDatabaseShutdownExecutor': org.h2.jdbc.JdbcSQLNonTransientConnectionException: База данных уже закрыта (чтобы отключить автоматическое закрытие базы данных при останове JVM, добавьте ";DB_CLOSE_ON_EXIT=FALSE" в URL)
Database is already closed (to disable automatic closing at VM shutdown, add ";DB_CLOSE_ON_EXIT=FALSE" to the db URL) [90121-214]
2025-06-05 19:30:43 INFO  com.zaxxer.hikari.HikariDataSource - HikariPool-2 - Shutdown initiated...
2025-06-05 19:30:43 INFO  com.zaxxer.hikari.HikariDataSource - HikariPool-2 - Shutdown completed.
2025-06-05 19:30:43 INFO  c.e.s.СontrollerApplication - Starting СontrollerApplication using Java 21.0.4 with PID 12872 (C:\Users\79162\IdeaProjects\kontroller\target\classes started by 79162 in C:\Users\79162\IdeaProjects\kontroller)
2025-06-05 19:30:43 DEBUG c.e.s.СontrollerApplication - Running with Spring Boot v3.1.5, Spring v6.0.13
2025-06-05 19:30:43 INFO  c.e.s.СontrollerApplication - No active profile set, falling back to 1 default profile: "default"
2025-06-05 19:30:44 INFO  o.s.d.r.c.RepositoryConfigurationDelegate - Bootstrapping Spring Data JPA repositories in DEFAULT mode.
2025-06-05 19:30:44 INFO  o.s.d.r.c.RepositoryConfigurationDelegate - Finished Spring Data repository scanning in 38 ms. Found 2 JPA repository interfaces.
2025-06-05 19:30:44 INFO  o.s.b.w.e.tomcat.TomcatWebServer - Tomcat initialized with port(s): 8080 (http)
2025-06-05 19:30:44 INFO  o.a.coyote.http11.Http11NioProtocol - Initializing ProtocolHandler ["http-nio-8080"]
2025-06-05 19:30:44 INFO  o.a.catalina.core.StandardService - Starting service [Tomcat]
2025-06-05 19:30:44 INFO  o.a.catalina.core.StandardEngine - Starting Servlet engine: [Apache Tomcat/10.1.15]
2025-06-05 19:30:44 INFO  o.a.c.c.C.[Tomcat].[localhost].[/] - Initializing Spring embedded WebApplicationContext
2025-06-05 19:30:44 INFO  o.s.b.w.s.c.ServletWebServerApplicationContext - Root WebApplicationContext: initialization completed in 993 ms
2025-06-05 19:30:44 INFO  com.zaxxer.hikari.HikariDataSource - HikariPool-3 - Starting...
2025-06-05 19:30:44 INFO  com.zaxxer.hikari.pool.HikariPool - HikariPool-3 - Added connection conn20: url=jdbc:h2:mem:testdb user=SA
2025-06-05 19:30:44 INFO  com.zaxxer.hikari.HikariDataSource - HikariPool-3 - Start completed.
2025-06-05 19:30:44 INFO  o.s.b.a.h.H2ConsoleAutoConfiguration - H2 console available at '/h2-console'. Database available at 'jdbc:h2:mem:testdb'
2025-06-05 19:30:44 INFO  o.h.jpa.internal.util.LogHelper - HHH000204: Processing PersistenceUnitInfo [name: default]
2025-06-05 19:30:44 INFO  o.s.o.j.p.SpringPersistenceUnitInfo - No LoadTimeWeaver setup: ignoring JPA class transformer
2025-06-05 19:30:45 INFO  o.h.e.t.j.p.i.JtaPlatformInitiator - HHH000489: No JTA platform available (set 'hibernate.transaction.jta.platform' to enable JTA platform integration)
2025-06-05 19:30:45 INFO  o.s.o.j.LocalContainerEntityManagerFactoryBean - Initialized JPA EntityManagerFactory for persistence unit 'default'
2025-06-05 19:30:45 ERROR c.e.s.f.s.a.adam.AdamModbusAdapter - [MODBUS] Initialization failed
com.serotonin.modbus4j.exception.ModbusInitException: java.net.SocketTimeoutException: Connect timed out
	at com.serotonin.modbus4j.ip.tcp.TcpMaster.init(TcpMaster.java:175)
	at com.exempal.shiftcounter.features.signal.adapter.adam.AdamModbusAdapter.init(AdamModbusAdapter.java:38)
	at java.base/jdk.internal.reflect.DirectMethodHandleAccessor.invoke(DirectMethodHandleAccessor.java:103)
	at java.base/java.lang.reflect.Method.invoke(Method.java:580)
	at org.springframework.beans.factory.annotation.InitDestroyAnnotationBeanPostProcessor$LifecycleMethod.invoke(InitDestroyAnnotationBeanPostProcessor.java:457)
	at org.springframework.beans.factory.annotation.InitDestroyAnnotationBeanPostProcessor$LifecycleMetadata.invokeInitMethods(InitDestroyAnnotationBeanPostProcessor.java:401)
	at org.springframework.beans.factory.annotation.InitDestroyAnnotationBeanPostProcessor.postProcessBeforeInitialization(InitDestroyAnnotationBeanPostProcessor.java:219)
	at org.springframework.beans.factory.support.AbstractAutowireCapableBeanFactory.applyBeanPostProcessorsBeforeInitialization(AbstractAutowireCapableBeanFactory.java:419)
	at org.springframework.beans.factory.support.AbstractAutowireCapableBeanFactory.initializeBean(AbstractAutowireCapableBeanFactory.java:1762)
	at org.springframework.beans.factory.support.AbstractAutowireCapableBeanFactory.doCreateBean(AbstractAutowireCapableBeanFactory.java:598)
	at org.springframework.beans.factory.support.AbstractAutowireCapableBeanFactory.createBean(AbstractAutowireCapableBeanFactory.java:520)
	at org.springframework.beans.factory.support.AbstractBeanFactory.lambda$doGetBean$0(AbstractBeanFactory.java:325)
	at org.springframework.beans.factory.support.DefaultSingletonBeanRegistry.getSingleton(DefaultSingletonBeanRegistry.java:234)
	at org.springframework.beans.factory.support.AbstractBeanFactory.doGetBean(AbstractBeanFactory.java:323)
	at org.springframework.beans.factory.support.AbstractBeanFactory.getBean(AbstractBeanFactory.java:199)
	at org.springframework.beans.factory.support.DefaultListableBeanFactory.preInstantiateSingletons(DefaultListableBeanFactory.java:973)
	at org.springframework.context.support.AbstractApplicationContext.finishBeanFactoryInitialization(AbstractApplicationContext.java:950)
	at org.springframework.context.support.AbstractApplicationContext.refresh(AbstractApplicationContext.java:616)
	at org.springframework.boot.web.servlet.context.ServletWebServerApplicationContext.refresh(ServletWebServerApplicationContext.java:146)
	at org.springframework.boot.SpringApplication.refresh(SpringApplication.java:738)
	at org.springframework.boot.SpringApplication.refreshContext(SpringApplication.java:440)
	at org.springframework.boot.SpringApplication.run(SpringApplication.java:316)
	at org.springframework.boot.SpringApplication.run(SpringApplication.java:1306)
	at org.springframework.boot.SpringApplication.run(SpringApplication.java:1295)
	at com.exempal.shiftcounter.СontrollerApplication.main(СontrollerApplication.java:10)
	at java.base/jdk.internal.reflect.DirectMethodHandleAccessor.invoke(DirectMethodHandleAccessor.java:103)
	at java.base/java.lang.reflect.Method.invoke(Method.java:580)
	at org.springframework.boot.devtools.restart.RestartLauncher.run(RestartLauncher.java:50)
Caused by: java.net.SocketTimeoutException: Connect timed out
	at java.base/sun.nio.ch.NioSocketImpl.timedFinishConnect(NioSocketImpl.java:546)
	at java.base/sun.nio.ch.NioSocketImpl.connect(NioSocketImpl.java:592)
	at java.base/java.net.SocksSocketImpl.connect(SocksSocketImpl.java:327)
	at java.base/java.net.Socket.connect(Socket.java:751)
	at com.serotonin.modbus4j.ip.tcp.TcpMaster.openConnection(TcpMaster.java:302)
	at com.serotonin.modbus4j.ip.tcp.TcpMaster.init(TcpMaster.java:172)
	... 27 common frames omitted
2025-06-05 19:30:45 WARN  o.s.b.a.o.j.JpaBaseConfiguration$JpaWebConfiguration - spring.jpa.open-in-view is enabled by default. Therefore, database queries may be performed during view rendering. Explicitly configure spring.jpa.open-in-view to disable this warning
2025-06-05 19:30:46 INFO  o.s.b.d.a.OptionalLiveReloadServer - LiveReload server is running on port 35729
2025-06-05 19:30:46 INFO  o.a.coyote.http11.Http11NioProtocol - Starting ProtocolHandler ["http-nio-8080"]
2025-06-05 19:30:46 INFO  o.s.b.w.e.tomcat.TomcatWebServer - Tomcat started on port(s): 8080 (http) with context path ''
2025-06-05 19:30:46 INFO  c.e.s.СontrollerApplication - Started СontrollerApplication in 2.547 seconds (process running for 417.423)
2025-06-05 19:30:46 INFO  o.s.b.d.a.ConditionEvaluationDeltaLoggingListener - Condition evaluation unchanged
2025-06-05 19:36:35 INFO  o.a.c.c.C.[Tomcat].[localhost].[/] - Initializing Spring DispatcherServlet 'dispatcherServlet'
2025-06-05 19:36:35 INFO  o.s.web.servlet.DispatcherServlet - Initializing Servlet 'dispatcherServlet'
2025-06-05 19:36:35 INFO  o.s.web.servlet.DispatcherServlet - Completed initialization in 55 ms
2025-06-05 19:36:35 WARN  o.t.s.p.AbstractStandardFragmentInsertionTagProcessor - [THYMELEAF][http-nio-8080-exec-1][layout] Deprecated unwrapped fragment expression "${contentTemplate} :: content" found in template layout, line 21, col 10. Please use the complete syntax of fragment expressions instead ("~{${contentTemplate} :: content}"). The old, unwrapped syntax for fragment expressions will be removed in future versions of Thymeleaf.
2025-06-05 19:36:36 WARN  o.t.s.p.AbstractStandardFragmentInsertionTagProcessor - [THYMELEAF][http-nio-8080-exec-3][layout] Deprecated unwrapped fragment expression "${contentTemplate} :: content" found in template layout, line 21, col 10. Please use the complete syntax of fragment expressions instead ("~{${contentTemplate} :: content}"). The old, unwrapped syntax for fragment expressions will be removed in future versions of Thymeleaf.
2025-06-05 19:36:37 WARN  o.t.s.p.AbstractStandardFragmentInsertionTagProcessor - [THYMELEAF][http-nio-8080-exec-5][layout] Deprecated unwrapped fragment expression "${contentTemplate} :: content" found in template layout, line 21, col 10. Please use the complete syntax of fragment expressions instead ("~{${contentTemplate} :: content}"). The old, unwrapped syntax for fragment expressions will be removed in future versions of Thymeleaf.
2025-06-05 19:36:38 WARN  o.t.s.p.AbstractStandardFragmentInsertionTagProcessor - [THYMELEAF][http-nio-8080-exec-9][layout] Deprecated unwrapped fragment expression "${contentTemplate} :: content" found in template layout, line 21, col 10. Please use the complete syntax of fragment expressions instead ("~{${contentTemplate} :: content}"). The old, unwrapped syntax for fragment expressions will be removed in future versions of Thymeleaf.
2025-06-05 22:27:21 WARN  com.zaxxer.hikari.pool.HikariPool - HikariPool-3 - Thread starvation or clock leap detected (housekeeper delta=1h47m34s198ms705µs500ns).
