2025-06-03 12:03:14 INFO  c.e.s.СontrollerApplication - Starting СontrollerApplication using Java 21.0.4 with PID 364 (C:\Users\79162\IdeaProjects\kontroller\target\classes started by 79162 in C:\Users\79162\IdeaProjects\kontroller)
2025-06-03 12:03:14 DEBUG c.e.s.СontrollerApplication - Running with Spring Boot v3.1.5, Spring v6.0.13
2025-06-03 12:03:14 INFO  c.e.s.СontrollerApplication - No active profile set, falling back to 1 default profile: "default"
2025-06-03 12:03:14 INFO  o.s.b.d.e.DevToolsPropertyDefaultsPostProcessor - Devtools property defaults active! Set 'spring.devtools.add-properties' to 'false' to disable
2025-06-03 12:03:14 INFO  o.s.b.d.e.DevToolsPropertyDefaultsPostProcessor - For additional web related logging consider setting the 'logging.level.web' property to 'DEBUG'
2025-06-03 12:03:16 INFO  o.s.d.r.c.RepositoryConfigurationDelegate - Bootstrapping Spring Data JPA repositories in DEFAULT mode.
2025-06-03 12:03:17 INFO  o.s.d.r.c.RepositoryConfigurationDelegate - Finished Spring Data repository scanning in 119 ms. Found 1 JPA repository interfaces.
2025-06-03 12:03:18 INFO  o.s.b.w.e.tomcat.TomcatWebServer - Tomcat initialized with port(s): 8080 (http)
2025-06-03 12:03:18 INFO  o.a.coyote.http11.Http11NioProtocol - Initializing ProtocolHandler ["http-nio-8080"]
2025-06-03 12:03:18 INFO  o.a.catalina.core.StandardService - Starting service [Tomcat]
2025-06-03 12:03:18 INFO  o.a.catalina.core.StandardEngine - Starting Servlet engine: [Apache Tomcat/10.1.15]
2025-06-03 12:03:18 INFO  o.a.c.c.C.[Tomcat].[localhost].[/] - Initializing Spring embedded WebApplicationContext
2025-06-03 12:03:18 INFO  o.s.b.w.s.c.ServletWebServerApplicationContext - Root WebApplicationContext: initialization completed in 3742 ms
2025-06-03 12:03:18 INFO  com.zaxxer.hikari.HikariDataSource - HikariPool-1 - Starting...
2025-06-03 12:03:19 INFO  com.zaxxer.hikari.pool.HikariPool - HikariPool-1 - Added connection conn0: url=jdbc:h2:mem:testdb user=SA
2025-06-03 12:03:19 INFO  com.zaxxer.hikari.HikariDataSource - HikariPool-1 - Start completed.
2025-06-03 12:03:19 INFO  o.s.b.a.h.H2ConsoleAutoConfiguration - H2 console available at '/h2-console'. Database available at 'jdbc:h2:mem:testdb'
2025-06-03 12:03:19 INFO  o.h.jpa.internal.util.LogHelper - HHH000204: Processing PersistenceUnitInfo [name: default]
2025-06-03 12:03:19 INFO  org.hibernate.Version - HHH000412: Hibernate ORM core version 6.2.13.Final
2025-06-03 12:03:19 INFO  org.hibernate.cfg.Environment - HHH000406: Using bytecode reflection optimizer
2025-06-03 12:03:20 INFO  o.s.o.j.p.SpringPersistenceUnitInfo - No LoadTimeWeaver setup: ignoring JPA class transformer
2025-06-03 12:03:23 INFO  o.h.e.t.j.p.i.JtaPlatformInitiator - HHH000489: No JTA platform available (set 'hibernate.transaction.jta.platform' to enable JTA platform integration)
2025-06-03 12:03:23 INFO  o.s.o.j.LocalContainerEntityManagerFactoryBean - Initialized JPA EntityManagerFactory for persistence unit 'default'
2025-06-03 12:03:24 WARN  o.s.b.a.o.j.JpaBaseConfiguration$JpaWebConfiguration - spring.jpa.open-in-view is enabled by default. Therefore, database queries may be performed during view rendering. Explicitly configure spring.jpa.open-in-view to disable this warning
2025-06-03 12:03:25 INFO  o.s.b.d.a.OptionalLiveReloadServer - LiveReload server is running on port 35729
2025-06-03 12:03:25 INFO  o.a.coyote.http11.Http11NioProtocol - Starting ProtocolHandler ["http-nio-8080"]
2025-06-03 12:03:25 INFO  o.s.b.w.e.tomcat.TomcatWebServer - Tomcat started on port(s): 8080 (http) with context path ''
2025-06-03 12:03:25 INFO  c.e.s.СontrollerApplication - Started СontrollerApplication in 12.029 seconds (process running for 14.856)
2025-06-03 12:20:50 INFO  o.s.b.d.a.LocalDevToolsAutoConfiguration$RestartingClassPathChangeChangedEventListener - Restarting due to 1 class path change (0 additions, 1 deletion, 0 modifications)
2025-06-03 12:20:51 INFO  o.a.coyote.http11.Http11NioProtocol - Pausing ProtocolHandler ["http-nio-8080"]
2025-06-03 12:20:51 INFO  o.a.catalina.core.StandardService - Stopping service [Tomcat]
2025-06-03 12:20:51 INFO  o.a.coyote.http11.Http11NioProtocol - Stopping ProtocolHandler ["http-nio-8080"]
2025-06-03 12:20:51 INFO  o.a.coyote.http11.Http11NioProtocol - Destroying ProtocolHandler ["http-nio-8080"]
2025-06-03 12:20:51 INFO  o.s.o.j.LocalContainerEntityManagerFactoryBean - Closing JPA EntityManagerFactory for persistence unit 'default'
2025-06-03 12:20:51 WARN  o.s.b.f.s.DisposableBeanAdapter - Invocation of destroy method failed on bean with name 'inMemoryDatabaseShutdownExecutor': org.h2.jdbc.JdbcSQLNonTransientConnectionException: База данных уже закрыта (чтобы отключить автоматическое закрытие базы данных при останове JVM, добавьте ";DB_CLOSE_ON_EXIT=FALSE" в URL)
Database is already closed (to disable automatic closing at VM shutdown, add ";DB_CLOSE_ON_EXIT=FALSE" to the db URL) [90121-214]
2025-06-03 12:20:51 INFO  com.zaxxer.hikari.HikariDataSource - HikariPool-1 - Shutdown initiated...
2025-06-03 12:20:51 INFO  com.zaxxer.hikari.HikariDataSource - HikariPool-1 - Shutdown completed.
2025-06-03 12:20:53 INFO  c.e.s.СontrollerApplication - Starting СontrollerApplication using Java 21.0.4 with PID 364 (C:\Users\79162\IdeaProjects\kontroller\target\classes started by 79162 in C:\Users\79162\IdeaProjects\kontroller)
2025-06-03 12:20:53 DEBUG c.e.s.СontrollerApplication - Running with Spring Boot v3.1.5, Spring v6.0.13
2025-06-03 12:20:53 INFO  c.e.s.СontrollerApplication - No active profile set, falling back to 1 default profile: "default"
2025-06-03 12:20:53 INFO  o.s.d.r.c.RepositoryConfigurationDelegate - Bootstrapping Spring Data JPA repositories in DEFAULT mode.
2025-06-03 12:20:53 INFO  o.s.d.r.c.RepositoryConfigurationDelegate - Finished Spring Data repository scanning in 28 ms. Found 1 JPA repository interfaces.
2025-06-03 12:20:54 INFO  o.s.b.w.e.tomcat.TomcatWebServer - Tomcat initialized with port(s): 8080 (http)
2025-06-03 12:20:54 INFO  o.a.coyote.http11.Http11NioProtocol - Initializing ProtocolHandler ["http-nio-8080"]
2025-06-03 12:20:54 INFO  o.a.catalina.core.StandardService - Starting service [Tomcat]
2025-06-03 12:20:54 INFO  o.a.catalina.core.StandardEngine - Starting Servlet engine: [Apache Tomcat/10.1.15]
2025-06-03 12:20:54 INFO  o.a.c.c.C.[Tomcat].[localhost].[/] - Initializing Spring embedded WebApplicationContext
2025-06-03 12:20:54 INFO  o.s.b.w.s.c.ServletWebServerApplicationContext - Root WebApplicationContext: initialization completed in 1164 ms
2025-06-03 12:20:54 INFO  com.zaxxer.hikari.HikariDataSource - HikariPool-2 - Starting...
2025-06-03 12:20:54 INFO  com.zaxxer.hikari.pool.HikariPool - HikariPool-2 - Added connection conn10: url=jdbc:h2:mem:testdb user=SA
2025-06-03 12:20:54 INFO  com.zaxxer.hikari.HikariDataSource - HikariPool-2 - Start completed.
2025-06-03 12:20:54 INFO  o.s.b.a.h.H2ConsoleAutoConfiguration - H2 console available at '/h2-console'. Database available at 'jdbc:h2:mem:testdb'
2025-06-03 12:20:54 INFO  o.h.jpa.internal.util.LogHelper - HHH000204: Processing PersistenceUnitInfo [name: default]
2025-06-03 12:20:54 INFO  o.s.o.j.p.SpringPersistenceUnitInfo - No LoadTimeWeaver setup: ignoring JPA class transformer
2025-06-03 12:20:54 INFO  o.h.e.t.j.p.i.JtaPlatformInitiator - HHH000489: No JTA platform available (set 'hibernate.transaction.jta.platform' to enable JTA platform integration)
2025-06-03 12:20:54 INFO  o.s.o.j.LocalContainerEntityManagerFactoryBean - Initialized JPA EntityManagerFactory for persistence unit 'default'
2025-06-03 12:20:54 WARN  o.s.b.a.o.j.JpaBaseConfiguration$JpaWebConfiguration - spring.jpa.open-in-view is enabled by default. Therefore, database queries may be performed during view rendering. Explicitly configure spring.jpa.open-in-view to disable this warning
2025-06-03 12:20:55 INFO  o.s.b.d.a.OptionalLiveReloadServer - LiveReload server is running on port 35729
2025-06-03 12:20:55 INFO  o.a.coyote.http11.Http11NioProtocol - Starting ProtocolHandler ["http-nio-8080"]
2025-06-03 12:20:55 INFO  o.s.b.w.e.tomcat.TomcatWebServer - Tomcat started on port(s): 8080 (http) with context path ''
2025-06-03 12:20:55 INFO  c.e.s.СontrollerApplication - Started СontrollerApplication in 2.537 seconds (process running for 1064.928)
2025-06-03 12:20:55 INFO  o.s.b.d.a.ConditionEvaluationDeltaLoggingListener - Condition evaluation unchanged
2025-06-03 12:28:36 INFO  o.s.o.j.LocalContainerEntityManagerFactoryBean - Closing JPA EntityManagerFactory for persistence unit 'default'
2025-06-03 12:28:36 WARN  o.s.b.f.s.DisposableBeanAdapter - Invocation of destroy method failed on bean with name 'inMemoryDatabaseShutdownExecutor': org.h2.jdbc.JdbcSQLNonTransientConnectionException: База данных уже закрыта (чтобы отключить автоматическое закрытие базы данных при останове JVM, добавьте ";DB_CLOSE_ON_EXIT=FALSE" в URL)
Database is already closed (to disable automatic closing at VM shutdown, add ";DB_CLOSE_ON_EXIT=FALSE" to the db URL) [90121-214]
2025-06-03 12:28:36 INFO  com.zaxxer.hikari.HikariDataSource - HikariPool-2 - Shutdown initiated...
2025-06-03 12:28:37 INFO  com.zaxxer.hikari.HikariDataSource - HikariPool-2 - Shutdown completed.
2025-06-03 12:28:51 INFO  c.e.s.СontrollerApplication - Starting СontrollerApplication using Java 21.0.4 with PID 21616 (C:\Users\79162\IdeaProjects\kontroller\target\classes started by 79162 in C:\Users\79162\IdeaProjects\kontroller)
2025-06-03 12:28:51 DEBUG c.e.s.СontrollerApplication - Running with Spring Boot v3.1.5, Spring v6.0.13
2025-06-03 12:28:51 INFO  c.e.s.СontrollerApplication - No active profile set, falling back to 1 default profile: "default"
2025-06-03 12:28:51 INFO  o.s.b.d.e.DevToolsPropertyDefaultsPostProcessor - Devtools property defaults active! Set 'spring.devtools.add-properties' to 'false' to disable
2025-06-03 12:28:51 INFO  o.s.b.d.e.DevToolsPropertyDefaultsPostProcessor - For additional web related logging consider setting the 'logging.level.web' property to 'DEBUG'
2025-06-03 12:28:53 INFO  o.s.d.r.c.RepositoryConfigurationDelegate - Bootstrapping Spring Data JPA repositories in DEFAULT mode.
2025-06-03 12:28:53 INFO  o.s.d.r.c.RepositoryConfigurationDelegate - Finished Spring Data repository scanning in 172 ms. Found 1 JPA repository interfaces.
2025-06-03 12:28:55 INFO  o.s.b.w.e.tomcat.TomcatWebServer - Tomcat initialized with port(s): 8080 (http)
2025-06-03 12:28:55 INFO  o.a.coyote.http11.Http11NioProtocol - Initializing ProtocolHandler ["http-nio-8080"]
2025-06-03 12:28:55 INFO  o.a.catalina.core.StandardService - Starting service [Tomcat]
2025-06-03 12:28:55 INFO  o.a.catalina.core.StandardEngine - Starting Servlet engine: [Apache Tomcat/10.1.15]
2025-06-03 12:28:55 INFO  o.a.c.c.C.[Tomcat].[localhost].[/] - Initializing Spring embedded WebApplicationContext
2025-06-03 12:28:55 INFO  o.s.b.w.s.c.ServletWebServerApplicationContext - Root WebApplicationContext: initialization completed in 4079 ms
2025-06-03 12:28:55 INFO  com.zaxxer.hikari.HikariDataSource - HikariPool-1 - Starting...
2025-06-03 12:28:56 INFO  com.zaxxer.hikari.pool.HikariPool - HikariPool-1 - Added connection conn0: url=jdbc:h2:mem:testdb user=SA
2025-06-03 12:28:56 INFO  com.zaxxer.hikari.HikariDataSource - HikariPool-1 - Start completed.
2025-06-03 12:28:56 INFO  o.s.b.a.h.H2ConsoleAutoConfiguration - H2 console available at '/h2-console'. Database available at 'jdbc:h2:mem:testdb'
2025-06-03 12:28:56 INFO  o.h.jpa.internal.util.LogHelper - HHH000204: Processing PersistenceUnitInfo [name: default]
2025-06-03 12:28:57 INFO  org.hibernate.Version - HHH000412: Hibernate ORM core version 6.2.13.Final
2025-06-03 12:28:57 INFO  org.hibernate.cfg.Environment - HHH000406: Using bytecode reflection optimizer
2025-06-03 12:28:58 INFO  o.s.o.j.p.SpringPersistenceUnitInfo - No LoadTimeWeaver setup: ignoring JPA class transformer
2025-06-03 12:29:00 INFO  o.h.e.t.j.p.i.JtaPlatformInitiator - HHH000489: No JTA platform available (set 'hibernate.transaction.jta.platform' to enable JTA platform integration)
2025-06-03 12:29:00 INFO  o.s.o.j.LocalContainerEntityManagerFactoryBean - Initialized JPA EntityManagerFactory for persistence unit 'default'
2025-06-03 12:29:01 WARN  o.s.b.a.o.j.JpaBaseConfiguration$JpaWebConfiguration - spring.jpa.open-in-view is enabled by default. Therefore, database queries may be performed during view rendering. Explicitly configure spring.jpa.open-in-view to disable this warning
2025-06-03 12:29:02 INFO  o.s.b.d.a.OptionalLiveReloadServer - LiveReload server is running on port 35729
2025-06-03 12:29:02 INFO  o.a.coyote.http11.Http11NioProtocol - Starting ProtocolHandler ["http-nio-8080"]
2025-06-03 12:29:02 INFO  o.s.b.w.e.tomcat.TomcatWebServer - Tomcat started on port(s): 8080 (http) with context path ''
2025-06-03 12:29:02 INFO  c.e.s.СontrollerApplication - Started СontrollerApplication in 13.899 seconds (process running for 15.898)
2025-06-03 12:29:51 INFO  o.s.b.d.a.LocalDevToolsAutoConfiguration$RestartingClassPathChangeChangedEventListener - Restarting due to 1 class path change (0 additions, 1 deletion, 0 modifications)
2025-06-03 12:29:51 INFO  o.a.coyote.http11.Http11NioProtocol - Pausing ProtocolHandler ["http-nio-8080"]
2025-06-03 12:29:51 INFO  o.a.catalina.core.StandardService - Stopping service [Tomcat]
2025-06-03 12:29:51 INFO  o.a.coyote.http11.Http11NioProtocol - Stopping ProtocolHandler ["http-nio-8080"]
2025-06-03 12:29:51 INFO  o.a.coyote.http11.Http11NioProtocol - Destroying ProtocolHandler ["http-nio-8080"]
2025-06-03 12:29:51 INFO  o.s.o.j.LocalContainerEntityManagerFactoryBean - Closing JPA EntityManagerFactory for persistence unit 'default'
2025-06-03 12:29:51 WARN  o.s.b.f.s.DisposableBeanAdapter - Invocation of destroy method failed on bean with name 'inMemoryDatabaseShutdownExecutor': org.h2.jdbc.JdbcSQLNonTransientConnectionException: База данных уже закрыта (чтобы отключить автоматическое закрытие базы данных при останове JVM, добавьте ";DB_CLOSE_ON_EXIT=FALSE" в URL)
Database is already closed (to disable automatic closing at VM shutdown, add ";DB_CLOSE_ON_EXIT=FALSE" to the db URL) [90121-214]
2025-06-03 12:29:51 INFO  com.zaxxer.hikari.HikariDataSource - HikariPool-1 - Shutdown initiated...
2025-06-03 12:29:51 INFO  com.zaxxer.hikari.HikariDataSource - HikariPool-1 - Shutdown completed.
2025-06-03 12:29:51 INFO  c.e.s.СontrollerApplication - Starting СontrollerApplication using Java 21.0.4 with PID 21616 (C:\Users\79162\IdeaProjects\kontroller\target\classes started by 79162 in C:\Users\79162\IdeaProjects\kontroller)
2025-06-03 12:29:51 DEBUG c.e.s.СontrollerApplication - Running with Spring Boot v3.1.5, Spring v6.0.13
2025-06-03 12:29:51 INFO  c.e.s.СontrollerApplication - No active profile set, falling back to 1 default profile: "default"
2025-06-03 12:29:52 INFO  o.s.d.r.c.RepositoryConfigurationDelegate - Bootstrapping Spring Data JPA repositories in DEFAULT mode.
2025-06-03 12:29:52 INFO  o.s.d.r.c.RepositoryConfigurationDelegate - Finished Spring Data repository scanning in 17 ms. Found 1 JPA repository interfaces.
2025-06-03 12:29:52 INFO  o.s.b.w.e.tomcat.TomcatWebServer - Tomcat initialized with port(s): 8080 (http)
2025-06-03 12:29:52 INFO  o.a.coyote.http11.Http11NioProtocol - Initializing ProtocolHandler ["http-nio-8080"]
2025-06-03 12:29:52 INFO  o.a.catalina.core.StandardService - Starting service [Tomcat]
2025-06-03 12:29:52 INFO  o.a.catalina.core.StandardEngine - Starting Servlet engine: [Apache Tomcat/10.1.15]
2025-06-03 12:29:52 INFO  o.a.c.c.C.[Tomcat].[localhost].[/] - Initializing Spring embedded WebApplicationContext
2025-06-03 12:29:52 INFO  o.s.b.w.s.c.ServletWebServerApplicationContext - Root WebApplicationContext: initialization completed in 759 ms
2025-06-03 12:29:52 INFO  com.zaxxer.hikari.HikariDataSource - HikariPool-2 - Starting...
2025-06-03 12:29:52 INFO  com.zaxxer.hikari.pool.HikariPool - HikariPool-2 - Added connection conn10: url=jdbc:h2:mem:testdb user=SA
2025-06-03 12:29:52 INFO  com.zaxxer.hikari.HikariDataSource - HikariPool-2 - Start completed.
2025-06-03 12:29:52 INFO  o.s.b.a.h.H2ConsoleAutoConfiguration - H2 console available at '/h2-console'. Database available at 'jdbc:h2:mem:testdb'
2025-06-03 12:29:52 INFO  o.h.jpa.internal.util.LogHelper - HHH000204: Processing PersistenceUnitInfo [name: default]
2025-06-03 12:29:52 INFO  o.s.o.j.p.SpringPersistenceUnitInfo - No LoadTimeWeaver setup: ignoring JPA class transformer
2025-06-03 12:29:52 INFO  o.h.e.t.j.p.i.JtaPlatformInitiator - HHH000489: No JTA platform available (set 'hibernate.transaction.jta.platform' to enable JTA platform integration)
2025-06-03 12:29:52 INFO  o.s.o.j.LocalContainerEntityManagerFactoryBean - Initialized JPA EntityManagerFactory for persistence unit 'default'
2025-06-03 12:29:52 WARN  o.s.b.a.o.j.JpaBaseConfiguration$JpaWebConfiguration - spring.jpa.open-in-view is enabled by default. Therefore, database queries may be performed during view rendering. Explicitly configure spring.jpa.open-in-view to disable this warning
2025-06-03 12:29:53 INFO  o.s.b.d.a.OptionalLiveReloadServer - LiveReload server is running on port 35729
2025-06-03 12:29:53 INFO  o.a.coyote.http11.Http11NioProtocol - Starting ProtocolHandler ["http-nio-8080"]
2025-06-03 12:29:53 INFO  o.s.b.w.e.tomcat.TomcatWebServer - Tomcat started on port(s): 8080 (http) with context path ''
2025-06-03 12:29:53 INFO  c.e.s.СontrollerApplication - Started СontrollerApplication in 1.658 seconds (process running for 66.245)
2025-06-03 12:29:53 INFO  o.s.b.d.a.ConditionEvaluationDeltaLoggingListener - Condition evaluation unchanged
2025-06-03 12:29:54 INFO  o.s.b.d.a.LocalDevToolsAutoConfiguration$RestartingClassPathChangeChangedEventListener - Restarting due to 1 class path change (1 addition, 0 deletions, 0 modifications)
2025-06-03 12:29:54 INFO  o.a.coyote.http11.Http11NioProtocol - Pausing ProtocolHandler ["http-nio-8080"]
2025-06-03 12:29:54 INFO  o.a.catalina.core.StandardService - Stopping service [Tomcat]
2025-06-03 12:29:54 INFO  o.a.coyote.http11.Http11NioProtocol - Stopping ProtocolHandler ["http-nio-8080"]
2025-06-03 12:29:54 INFO  o.a.coyote.http11.Http11NioProtocol - Destroying ProtocolHandler ["http-nio-8080"]
2025-06-03 12:29:54 INFO  o.s.o.j.LocalContainerEntityManagerFactoryBean - Closing JPA EntityManagerFactory for persistence unit 'default'
2025-06-03 12:29:54 WARN  o.s.b.f.s.DisposableBeanAdapter - Invocation of destroy method failed on bean with name 'inMemoryDatabaseShutdownExecutor': org.h2.jdbc.JdbcSQLNonTransientConnectionException: База данных уже закрыта (чтобы отключить автоматическое закрытие базы данных при останове JVM, добавьте ";DB_CLOSE_ON_EXIT=FALSE" в URL)
Database is already closed (to disable automatic closing at VM shutdown, add ";DB_CLOSE_ON_EXIT=FALSE" to the db URL) [90121-214]
2025-06-03 12:29:54 INFO  com.zaxxer.hikari.HikariDataSource - HikariPool-2 - Shutdown initiated...
2025-06-03 12:29:54 INFO  com.zaxxer.hikari.HikariDataSource - HikariPool-2 - Shutdown completed.
2025-06-03 12:29:55 INFO  c.e.s.СontrollerApplication - Starting СontrollerApplication using Java 21.0.4 with PID 21616 (C:\Users\79162\IdeaProjects\kontroller\target\classes started by 79162 in C:\Users\79162\IdeaProjects\kontroller)
2025-06-03 12:29:55 DEBUG c.e.s.СontrollerApplication - Running with Spring Boot v3.1.5, Spring v6.0.13
2025-06-03 12:29:55 INFO  c.e.s.СontrollerApplication - No active profile set, falling back to 1 default profile: "default"
2025-06-03 12:29:55 INFO  o.s.d.r.c.RepositoryConfigurationDelegate - Bootstrapping Spring Data JPA repositories in DEFAULT mode.
2025-06-03 12:29:55 INFO  o.s.d.r.c.RepositoryConfigurationDelegate - Finished Spring Data repository scanning in 26 ms. Found 1 JPA repository interfaces.
2025-06-03 12:29:55 INFO  o.s.b.w.e.tomcat.TomcatWebServer - Tomcat initialized with port(s): 8080 (http)
2025-06-03 12:29:55 INFO  o.a.coyote.http11.Http11NioProtocol - Initializing ProtocolHandler ["http-nio-8080"]
2025-06-03 12:29:55 INFO  o.a.catalina.core.StandardService - Starting service [Tomcat]
2025-06-03 12:29:55 INFO  o.a.catalina.core.StandardEngine - Starting Servlet engine: [Apache Tomcat/10.1.15]
2025-06-03 12:29:55 INFO  o.a.c.c.C.[Tomcat].[localhost].[/] - Initializing Spring embedded WebApplicationContext
2025-06-03 12:29:55 INFO  o.s.b.w.s.c.ServletWebServerApplicationContext - Root WebApplicationContext: initialization completed in 742 ms
2025-06-03 12:29:55 INFO  com.zaxxer.hikari.HikariDataSource - HikariPool-3 - Starting...
2025-06-03 12:29:55 INFO  com.zaxxer.hikari.pool.HikariPool - HikariPool-3 - Added connection conn20: url=jdbc:h2:mem:testdb user=SA
2025-06-03 12:29:55 INFO  com.zaxxer.hikari.HikariDataSource - HikariPool-3 - Start completed.
2025-06-03 12:29:55 INFO  o.s.b.a.h.H2ConsoleAutoConfiguration - H2 console available at '/h2-console'. Database available at 'jdbc:h2:mem:testdb'
2025-06-03 12:29:55 INFO  o.h.jpa.internal.util.LogHelper - HHH000204: Processing PersistenceUnitInfo [name: default]
2025-06-03 12:29:55 INFO  o.s.o.j.p.SpringPersistenceUnitInfo - No LoadTimeWeaver setup: ignoring JPA class transformer
2025-06-03 12:29:56 INFO  o.h.e.t.j.p.i.JtaPlatformInitiator - HHH000489: No JTA platform available (set 'hibernate.transaction.jta.platform' to enable JTA platform integration)
2025-06-03 12:29:56 INFO  o.s.o.j.LocalContainerEntityManagerFactoryBean - Initialized JPA EntityManagerFactory for persistence unit 'default'
2025-06-03 12:29:56 WARN  o.s.b.a.o.j.JpaBaseConfiguration$JpaWebConfiguration - spring.jpa.open-in-view is enabled by default. Therefore, database queries may be performed during view rendering. Explicitly configure spring.jpa.open-in-view to disable this warning
2025-06-03 12:29:56 INFO  o.s.b.d.a.OptionalLiveReloadServer - LiveReload server is running on port 35729
2025-06-03 12:29:56 INFO  o.a.coyote.http11.Http11NioProtocol - Starting ProtocolHandler ["http-nio-8080"]
2025-06-03 12:29:56 INFO  o.s.b.w.e.tomcat.TomcatWebServer - Tomcat started on port(s): 8080 (http) with context path ''
2025-06-03 12:29:56 INFO  c.e.s.СontrollerApplication - Started СontrollerApplication in 1.605 seconds (process running for 69.645)
2025-06-03 12:29:56 INFO  o.s.b.d.a.ConditionEvaluationDeltaLoggingListener - Condition evaluation unchanged
2025-06-03 12:32:46 INFO  o.a.c.c.C.[Tomcat].[localhost].[/] - Initializing Spring DispatcherServlet 'dispatcherServlet'
2025-06-03 12:32:46 INFO  o.s.web.servlet.DispatcherServlet - Initializing Servlet 'dispatcherServlet'
2025-06-03 12:32:46 INFO  o.s.web.servlet.DispatcherServlet - Completed initialization in 5 ms
2025-06-03 12:32:47 INFO  c.e.s.f.s.i.SettingsPage - 💡 Testing log from SettingsPage
2025-06-03 12:32:48 WARN  o.t.s.p.AbstractStandardFragmentInsertionTagProcessor - [THYMELEAF][http-nio-8080-exec-2][layout] Deprecated unwrapped fragment expression "${contentTemplate} :: content" found in template layout, line 21, col 10. Please use the complete syntax of fragment expressions instead ("~{${contentTemplate} :: content}"). The old, unwrapped syntax for fragment expressions will be removed in future versions of Thymeleaf.
2025-06-03 12:33:08 INFO  o.s.o.j.LocalContainerEntityManagerFactoryBean - Closing JPA EntityManagerFactory for persistence unit 'default'
2025-06-03 12:33:09 WARN  o.s.b.f.s.DisposableBeanAdapter - Invocation of destroy method failed on bean with name 'inMemoryDatabaseShutdownExecutor': org.h2.jdbc.JdbcSQLNonTransientConnectionException: База данных уже закрыта (чтобы отключить автоматическое закрытие базы данных при останове JVM, добавьте ";DB_CLOSE_ON_EXIT=FALSE" в URL)
Database is already closed (to disable automatic closing at VM shutdown, add ";DB_CLOSE_ON_EXIT=FALSE" to the db URL) [90121-214]
2025-06-03 12:33:09 INFO  com.zaxxer.hikari.HikariDataSource - HikariPool-3 - Shutdown initiated...
2025-06-03 12:33:09 INFO  com.zaxxer.hikari.HikariDataSource - HikariPool-3 - Shutdown completed.
2025-06-03 15:48:07 INFO  c.e.s.f.s.i.JpaShiftAdapterIntegrationTest - Starting JpaShiftAdapterIntegrationTest using Java 21.0.4 with PID 22244 (started by 79162 in C:\Users\79162\IdeaProjects\kontroller)
2025-06-03 15:48:07 DEBUG c.e.s.f.s.i.JpaShiftAdapterIntegrationTest - Running with Spring Boot v3.1.5, Spring v6.0.13
2025-06-03 15:48:07 INFO  c.e.s.f.s.i.JpaShiftAdapterIntegrationTest - No active profile set, falling back to 1 default profile: "default"
2025-06-03 15:48:10 INFO  o.s.d.r.c.RepositoryConfigurationDelegate - Bootstrapping Spring Data JPA repositories in DEFAULT mode.
2025-06-03 15:48:10 INFO  o.s.d.r.c.RepositoryConfigurationDelegate - Finished Spring Data repository scanning in 110 ms. Found 2 JPA repository interfaces.
2025-06-03 15:48:11 INFO  o.h.jpa.internal.util.LogHelper - HHH000204: Processing PersistenceUnitInfo [name: default]
2025-06-03 15:48:11 INFO  org.hibernate.Version - HHH000412: Hibernate ORM core version 6.2.13.Final
2025-06-03 15:48:11 INFO  org.hibernate.cfg.Environment - HHH000406: Using bytecode reflection optimizer
2025-06-03 15:48:12 INFO  o.s.o.j.p.SpringPersistenceUnitInfo - No LoadTimeWeaver setup: ignoring JPA class transformer
2025-06-03 15:48:12 INFO  com.zaxxer.hikari.HikariDataSource - HikariPool-1 - Starting...
2025-06-03 15:48:13 INFO  com.zaxxer.hikari.pool.HikariPool - HikariPool-1 - Added connection conn0: url=jdbc:h2:mem:testdb user=SA
2025-06-03 15:48:13 INFO  com.zaxxer.hikari.HikariDataSource - HikariPool-1 - Start completed.
2025-06-03 15:48:14 INFO  o.h.e.t.j.p.i.JtaPlatformInitiator - HHH000489: No JTA platform available (set 'hibernate.transaction.jta.platform' to enable JTA platform integration)
2025-06-03 15:48:14 INFO  o.s.o.j.LocalContainerEntityManagerFactoryBean - Initialized JPA EntityManagerFactory for persistence unit 'default'
2025-06-03 15:48:15 WARN  o.s.b.a.o.j.JpaBaseConfiguration$JpaWebConfiguration - spring.jpa.open-in-view is enabled by default. Therefore, database queries may be performed during view rendering. Explicitly configure spring.jpa.open-in-view to disable this warning
2025-06-03 15:48:16 INFO  o.s.b.a.h.H2ConsoleAutoConfiguration - H2 console available at '/h2-console'. Database available at 'jdbc:h2:mem:testdb'
2025-06-03 15:48:16 INFO  c.e.s.f.s.i.JpaShiftAdapterIntegrationTest - Started JpaShiftAdapterIntegrationTest in 9.797 seconds (process running for 12.384)
2025-06-03 15:48:17 INFO  o.s.o.j.LocalContainerEntityManagerFactoryBean - Closing JPA EntityManagerFactory for persistence unit 'default'
2025-06-03 15:48:17 INFO  com.zaxxer.hikari.HikariDataSource - HikariPool-1 - Shutdown initiated...
2025-06-03 15:48:17 INFO  com.zaxxer.hikari.HikariDataSource - HikariPool-1 - Shutdown completed.
2025-06-03 16:13:20 INFO  c.e.s.f.s.i.JpaShiftAdapterIntegrationTest - Starting JpaShiftAdapterIntegrationTest using Java 21.0.4 with PID 1876 (started by 79162 in C:\Users\79162\IdeaProjects\kontroller)
2025-06-03 16:13:20 DEBUG c.e.s.f.s.i.JpaShiftAdapterIntegrationTest - Running with Spring Boot v3.1.5, Spring v6.0.13
2025-06-03 16:13:20 INFO  c.e.s.f.s.i.JpaShiftAdapterIntegrationTest - No active profile set, falling back to 1 default profile: "default"
2025-06-03 16:13:21 INFO  o.s.d.r.c.RepositoryConfigurationDelegate - Bootstrapping Spring Data JPA repositories in DEFAULT mode.
2025-06-03 16:13:21 INFO  o.s.d.r.c.RepositoryConfigurationDelegate - Finished Spring Data repository scanning in 114 ms. Found 2 JPA repository interfaces.
2025-06-03 16:13:22 INFO  o.h.jpa.internal.util.LogHelper - HHH000204: Processing PersistenceUnitInfo [name: default]
2025-06-03 16:13:22 INFO  org.hibernate.Version - HHH000412: Hibernate ORM core version 6.2.13.Final
2025-06-03 16:13:22 INFO  org.hibernate.cfg.Environment - HHH000406: Using bytecode reflection optimizer
2025-06-03 16:13:23 INFO  o.s.o.j.p.SpringPersistenceUnitInfo - No LoadTimeWeaver setup: ignoring JPA class transformer
2025-06-03 16:13:23 INFO  com.zaxxer.hikari.HikariDataSource - HikariPool-1 - Starting...
2025-06-03 16:13:24 INFO  com.zaxxer.hikari.pool.HikariPool - HikariPool-1 - Added connection conn0: url=jdbc:h2:mem:testdb user=SA
2025-06-03 16:13:24 INFO  com.zaxxer.hikari.HikariDataSource - HikariPool-1 - Start completed.
2025-06-03 16:13:25 INFO  o.h.e.t.j.p.i.JtaPlatformInitiator - HHH000489: No JTA platform available (set 'hibernate.transaction.jta.platform' to enable JTA platform integration)
2025-06-03 16:13:25 INFO  o.s.o.j.LocalContainerEntityManagerFactoryBean - Initialized JPA EntityManagerFactory for persistence unit 'default'
2025-06-03 16:13:26 WARN  o.s.b.a.o.j.JpaBaseConfiguration$JpaWebConfiguration - spring.jpa.open-in-view is enabled by default. Therefore, database queries may be performed during view rendering. Explicitly configure spring.jpa.open-in-view to disable this warning
2025-06-03 16:13:27 INFO  o.s.b.a.h.H2ConsoleAutoConfiguration - H2 console available at '/h2-console'. Database available at 'jdbc:h2:mem:testdb'
2025-06-03 16:13:27 INFO  c.e.s.f.s.i.JpaShiftAdapterIntegrationTest - Started JpaShiftAdapterIntegrationTest in 7.647 seconds (process running for 10.595)
2025-06-03 16:13:28 INFO  o.s.o.j.LocalContainerEntityManagerFactoryBean - Closing JPA EntityManagerFactory for persistence unit 'default'
2025-06-03 16:13:28 INFO  com.zaxxer.hikari.HikariDataSource - HikariPool-1 - Shutdown initiated...
2025-06-03 16:13:28 INFO  com.zaxxer.hikari.HikariDataSource - HikariPool-1 - Shutdown completed.
2025-06-03 16:27:16 INFO  c.e.s.f.s.i.ShiftPersistenceCycleTest - Starting ShiftPersistenceCycleTest using Java 21.0.4 with PID 20620 (started by 79162 in C:\Users\79162\IdeaProjects\kontroller)
2025-06-03 16:27:16 DEBUG c.e.s.f.s.i.ShiftPersistenceCycleTest - Running with Spring Boot v3.1.5, Spring v6.0.13
2025-06-03 16:27:16 INFO  c.e.s.f.s.i.ShiftPersistenceCycleTest - No active profile set, falling back to 1 default profile: "default"
2025-06-03 16:27:18 INFO  o.s.d.r.c.RepositoryConfigurationDelegate - Bootstrapping Spring Data JPA repositories in DEFAULT mode.
2025-06-03 16:27:18 INFO  o.s.d.r.c.RepositoryConfigurationDelegate - Finished Spring Data repository scanning in 121 ms. Found 2 JPA repository interfaces.
2025-06-03 16:27:19 INFO  o.h.jpa.internal.util.LogHelper - HHH000204: Processing PersistenceUnitInfo [name: default]
2025-06-03 16:27:19 INFO  org.hibernate.Version - HHH000412: Hibernate ORM core version 6.2.13.Final
2025-06-03 16:27:19 INFO  org.hibernate.cfg.Environment - HHH000406: Using bytecode reflection optimizer
2025-06-03 16:27:20 INFO  o.s.o.j.p.SpringPersistenceUnitInfo - No LoadTimeWeaver setup: ignoring JPA class transformer
2025-06-03 16:27:20 INFO  com.zaxxer.hikari.HikariDataSource - HikariPool-1 - Starting...
2025-06-03 16:27:20 INFO  com.zaxxer.hikari.pool.HikariPool - HikariPool-1 - Added connection conn0: url=jdbc:h2:mem:testdb user=SA
2025-06-03 16:27:20 INFO  com.zaxxer.hikari.HikariDataSource - HikariPool-1 - Start completed.
2025-06-03 16:27:23 INFO  o.h.e.t.j.p.i.JtaPlatformInitiator - HHH000489: No JTA platform available (set 'hibernate.transaction.jta.platform' to enable JTA platform integration)
2025-06-03 16:27:23 INFO  o.s.o.j.LocalContainerEntityManagerFactoryBean - Initialized JPA EntityManagerFactory for persistence unit 'default'
2025-06-03 16:27:24 WARN  o.s.b.a.o.j.JpaBaseConfiguration$JpaWebConfiguration - spring.jpa.open-in-view is enabled by default. Therefore, database queries may be performed during view rendering. Explicitly configure spring.jpa.open-in-view to disable this warning
2025-06-03 16:27:24 INFO  o.s.b.a.h.H2ConsoleAutoConfiguration - H2 console available at '/h2-console'. Database available at 'jdbc:h2:mem:testdb'
2025-06-03 16:27:24 INFO  c.e.s.f.s.i.ShiftPersistenceCycleTest - Started ShiftPersistenceCycleTest in 9.286 seconds (process running for 11.826)
2025-06-03 16:27:25 INFO  o.s.o.j.LocalContainerEntityManagerFactoryBean - Closing JPA EntityManagerFactory for persistence unit 'default'
2025-06-03 16:27:26 INFO  com.zaxxer.hikari.HikariDataSource - HikariPool-1 - Shutdown initiated...
2025-06-03 16:27:26 INFO  com.zaxxer.hikari.HikariDataSource - HikariPool-1 - Shutdown completed.
2025-06-03 18:34:47 INFO  c.e.s.СontrollerApplication - Starting СontrollerApplication using Java 21.0.4 with PID 19508 (C:\Users\79162\IdeaProjects\kontroller\target\classes started by 79162 in C:\Users\79162\IdeaProjects\kontroller)
2025-06-03 18:34:47 DEBUG c.e.s.СontrollerApplication - Running with Spring Boot v3.1.5, Spring v6.0.13
2025-06-03 18:34:47 INFO  c.e.s.СontrollerApplication - No active profile set, falling back to 1 default profile: "default"
2025-06-03 18:34:47 INFO  o.s.b.d.e.DevToolsPropertyDefaultsPostProcessor - Devtools property defaults active! Set 'spring.devtools.add-properties' to 'false' to disable
2025-06-03 18:34:47 INFO  o.s.b.d.e.DevToolsPropertyDefaultsPostProcessor - For additional web related logging consider setting the 'logging.level.web' property to 'DEBUG'
2025-06-03 18:34:48 INFO  o.s.d.r.c.RepositoryConfigurationDelegate - Bootstrapping Spring Data JPA repositories in DEFAULT mode.
2025-06-03 18:34:48 INFO  o.s.d.r.c.RepositoryConfigurationDelegate - Finished Spring Data repository scanning in 91 ms. Found 2 JPA repository interfaces.
2025-06-03 18:34:50 INFO  o.s.b.w.e.tomcat.TomcatWebServer - Tomcat initialized with port(s): 8080 (http)
2025-06-03 18:34:50 INFO  o.a.coyote.http11.Http11NioProtocol - Initializing ProtocolHandler ["http-nio-8080"]
2025-06-03 18:34:50 INFO  o.a.catalina.core.StandardService - Starting service [Tomcat]
2025-06-03 18:34:50 INFO  o.a.catalina.core.StandardEngine - Starting Servlet engine: [Apache Tomcat/10.1.15]
2025-06-03 18:34:50 INFO  o.a.c.c.C.[Tomcat].[localhost].[/] - Initializing Spring embedded WebApplicationContext
2025-06-03 18:34:50 INFO  o.s.b.w.s.c.ServletWebServerApplicationContext - Root WebApplicationContext: initialization completed in 2780 ms
2025-06-03 18:34:50 INFO  com.zaxxer.hikari.HikariDataSource - HikariPool-1 - Starting...
2025-06-03 18:34:50 INFO  com.zaxxer.hikari.pool.HikariPool - HikariPool-1 - Added connection conn0: url=jdbc:h2:mem:testdb user=SA
2025-06-03 18:34:50 INFO  com.zaxxer.hikari.HikariDataSource - HikariPool-1 - Start completed.
2025-06-03 18:34:50 INFO  o.s.b.a.h.H2ConsoleAutoConfiguration - H2 console available at '/h2-console'. Database available at 'jdbc:h2:mem:testdb'
2025-06-03 18:34:50 INFO  o.h.jpa.internal.util.LogHelper - HHH000204: Processing PersistenceUnitInfo [name: default]
2025-06-03 18:34:51 INFO  org.hibernate.Version - HHH000412: Hibernate ORM core version 6.2.13.Final
2025-06-03 18:34:51 INFO  org.hibernate.cfg.Environment - HHH000406: Using bytecode reflection optimizer
2025-06-03 18:34:54 INFO  o.s.o.j.p.SpringPersistenceUnitInfo - No LoadTimeWeaver setup: ignoring JPA class transformer
2025-06-03 18:34:56 INFO  o.h.e.t.j.p.i.JtaPlatformInitiator - HHH000489: No JTA platform available (set 'hibernate.transaction.jta.platform' to enable JTA platform integration)
2025-06-03 18:34:56 INFO  o.s.o.j.LocalContainerEntityManagerFactoryBean - Initialized JPA EntityManagerFactory for persistence unit 'default'
2025-06-03 18:34:56 WARN  o.s.b.a.o.j.JpaBaseConfiguration$JpaWebConfiguration - spring.jpa.open-in-view is enabled by default. Therefore, database queries may be performed during view rendering. Explicitly configure spring.jpa.open-in-view to disable this warning
2025-06-03 18:34:57 INFO  o.s.b.d.a.OptionalLiveReloadServer - LiveReload server is running on port 35729
2025-06-03 18:34:57 INFO  o.a.coyote.http11.Http11NioProtocol - Starting ProtocolHandler ["http-nio-8080"]
2025-06-03 18:34:57 INFO  o.s.b.w.e.tomcat.TomcatWebServer - Tomcat started on port(s): 8080 (http) with context path ''
2025-06-03 18:34:57 INFO  c.e.s.СontrollerApplication - Started СontrollerApplication in 11.349 seconds (process running for 14.314)
2025-06-03 18:35:12 INFO  o.a.c.c.C.[Tomcat].[localhost].[/] - Initializing Spring DispatcherServlet 'dispatcherServlet'
2025-06-03 18:35:12 INFO  o.s.web.servlet.DispatcherServlet - Initializing Servlet 'dispatcherServlet'
2025-06-03 18:35:12 INFO  o.s.web.servlet.DispatcherServlet - Completed initialization in 3 ms
2025-06-03 18:35:13 WARN  o.t.s.p.AbstractStandardFragmentInsertionTagProcessor - [THYMELEAF][http-nio-8080-exec-1][layout] Deprecated unwrapped fragment expression "${contentTemplate} :: content" found in template layout, line 21, col 10. Please use the complete syntax of fragment expressions instead ("~{${contentTemplate} :: content}"). The old, unwrapped syntax for fragment expressions will be removed in future versions of Thymeleaf.
2025-06-03 18:35:46 WARN  o.t.s.p.AbstractStandardFragmentInsertionTagProcessor - [THYMELEAF][http-nio-8080-exec-6][layout] Deprecated unwrapped fragment expression "${contentTemplate} :: content" found in template layout, line 21, col 10. Please use the complete syntax of fragment expressions instead ("~{${contentTemplate} :: content}"). The old, unwrapped syntax for fragment expressions will be removed in future versions of Thymeleaf.
2025-06-03 18:35:47 WARN  o.t.s.p.AbstractStandardFragmentInsertionTagProcessor - [THYMELEAF][http-nio-8080-exec-8][layout] Deprecated unwrapped fragment expression "${contentTemplate} :: content" found in template layout, line 21, col 10. Please use the complete syntax of fragment expressions instead ("~{${contentTemplate} :: content}"). The old, unwrapped syntax for fragment expressions will be removed in future versions of Thymeleaf.
2025-06-03 18:35:50 WARN  o.t.s.p.AbstractStandardFragmentInsertionTagProcessor - [THYMELEAF][http-nio-8080-exec-10][layout] Deprecated unwrapped fragment expression "${contentTemplate} :: content" found in template layout, line 21, col 10. Please use the complete syntax of fragment expressions instead ("~{${contentTemplate} :: content}"). The old, unwrapped syntax for fragment expressions will be removed in future versions of Thymeleaf.
2025-06-03 18:35:54 WARN  o.t.s.p.AbstractStandardFragmentInsertionTagProcessor - [THYMELEAF][http-nio-8080-exec-2][layout] Deprecated unwrapped fragment expression "${contentTemplate} :: content" found in template layout, line 21, col 10. Please use the complete syntax of fragment expressions instead ("~{${contentTemplate} :: content}"). The old, unwrapped syntax for fragment expressions will be removed in future versions of Thymeleaf.
2025-06-03 18:45:33 INFO  o.s.o.j.LocalContainerEntityManagerFactoryBean - Closing JPA EntityManagerFactory for persistence unit 'default'
2025-06-03 18:45:33 WARN  o.s.b.f.s.DisposableBeanAdapter - Invocation of destroy method failed on bean with name 'inMemoryDatabaseShutdownExecutor': org.h2.jdbc.JdbcSQLNonTransientConnectionException: База данных уже закрыта (чтобы отключить автоматическое закрытие базы данных при останове JVM, добавьте ";DB_CLOSE_ON_EXIT=FALSE" в URL)
Database is already closed (to disable automatic closing at VM shutdown, add ";DB_CLOSE_ON_EXIT=FALSE" to the db URL) [90121-214]
2025-06-03 18:45:33 INFO  com.zaxxer.hikari.HikariDataSource - HikariPool-1 - Shutdown initiated...
2025-06-03 18:45:33 INFO  com.zaxxer.hikari.HikariDataSource - HikariPool-1 - Shutdown completed.
2025-06-03 18:45:40 INFO  c.e.s.СontrollerApplication - Starting СontrollerApplication using Java 21.0.4 with PID 21020 (C:\Users\79162\IdeaProjects\kontroller\target\classes started by 79162 in C:\Users\79162\IdeaProjects\kontroller)
2025-06-03 18:45:40 DEBUG c.e.s.СontrollerApplication - Running with Spring Boot v3.1.5, Spring v6.0.13
2025-06-03 18:45:40 INFO  c.e.s.СontrollerApplication - No active profile set, falling back to 1 default profile: "default"
2025-06-03 18:45:40 INFO  o.s.b.d.e.DevToolsPropertyDefaultsPostProcessor - Devtools property defaults active! Set 'spring.devtools.add-properties' to 'false' to disable
2025-06-03 18:45:40 INFO  o.s.b.d.e.DevToolsPropertyDefaultsPostProcessor - For additional web related logging consider setting the 'logging.level.web' property to 'DEBUG'
2025-06-03 18:45:41 INFO  o.s.d.r.c.RepositoryConfigurationDelegate - Bootstrapping Spring Data JPA repositories in DEFAULT mode.
2025-06-03 18:45:41 INFO  o.s.d.r.c.RepositoryConfigurationDelegate - Finished Spring Data repository scanning in 96 ms. Found 2 JPA repository interfaces.
2025-06-03 18:45:42 INFO  o.s.b.w.e.tomcat.TomcatWebServer - Tomcat initialized with port(s): 8080 (http)
2025-06-03 18:45:42 INFO  o.a.coyote.http11.Http11NioProtocol - Initializing ProtocolHandler ["http-nio-8080"]
2025-06-03 18:45:42 INFO  o.a.catalina.core.StandardService - Starting service [Tomcat]
2025-06-03 18:45:42 INFO  o.a.catalina.core.StandardEngine - Starting Servlet engine: [Apache Tomcat/10.1.15]
2025-06-03 18:45:42 INFO  o.a.c.c.C.[Tomcat].[localhost].[/] - Initializing Spring embedded WebApplicationContext
2025-06-03 18:45:42 INFO  o.s.b.w.s.c.ServletWebServerApplicationContext - Root WebApplicationContext: initialization completed in 2633 ms
2025-06-03 18:45:42 INFO  com.zaxxer.hikari.HikariDataSource - HikariPool-1 - Starting...
2025-06-03 18:45:43 INFO  com.zaxxer.hikari.pool.HikariPool - HikariPool-1 - Added connection conn0: url=jdbc:h2:mem:testdb user=SA
2025-06-03 18:45:43 INFO  com.zaxxer.hikari.HikariDataSource - HikariPool-1 - Start completed.
2025-06-03 18:45:43 INFO  o.s.b.a.h.H2ConsoleAutoConfiguration - H2 console available at '/h2-console'. Database available at 'jdbc:h2:mem:testdb'
2025-06-03 18:45:44 INFO  o.h.jpa.internal.util.LogHelper - HHH000204: Processing PersistenceUnitInfo [name: default]
2025-06-03 18:45:44 INFO  org.hibernate.Version - HHH000412: Hibernate ORM core version 6.2.13.Final
2025-06-03 18:45:44 INFO  org.hibernate.cfg.Environment - HHH000406: Using bytecode reflection optimizer
2025-06-03 18:45:46 INFO  o.s.o.j.p.SpringPersistenceUnitInfo - No LoadTimeWeaver setup: ignoring JPA class transformer
2025-06-03 18:45:47 INFO  o.h.e.t.j.p.i.JtaPlatformInitiator - HHH000489: No JTA platform available (set 'hibernate.transaction.jta.platform' to enable JTA platform integration)
2025-06-03 18:45:47 INFO  o.s.o.j.LocalContainerEntityManagerFactoryBean - Initialized JPA EntityManagerFactory for persistence unit 'default'
2025-06-03 18:45:48 WARN  o.s.b.a.o.j.JpaBaseConfiguration$JpaWebConfiguration - spring.jpa.open-in-view is enabled by default. Therefore, database queries may be performed during view rendering. Explicitly configure spring.jpa.open-in-view to disable this warning
2025-06-03 18:45:48 INFO  o.s.b.d.a.OptionalLiveReloadServer - LiveReload server is running on port 35729
2025-06-03 18:45:48 INFO  o.a.coyote.http11.Http11NioProtocol - Starting ProtocolHandler ["http-nio-8080"]
2025-06-03 18:45:48 INFO  o.s.b.w.e.tomcat.TomcatWebServer - Tomcat started on port(s): 8080 (http) with context path ''
2025-06-03 18:45:48 INFO  c.e.s.СontrollerApplication - Started СontrollerApplication in 10.118 seconds (process running for 12.203)
2025-06-03 18:46:42 INFO  o.a.c.c.C.[Tomcat].[localhost].[/] - Initializing Spring DispatcherServlet 'dispatcherServlet'
2025-06-03 18:46:42 INFO  o.s.web.servlet.DispatcherServlet - Initializing Servlet 'dispatcherServlet'
2025-06-03 18:46:42 INFO  o.s.web.servlet.DispatcherServlet - Completed initialization in 3 ms
2025-06-03 18:46:43 WARN  o.t.s.p.AbstractStandardFragmentInsertionTagProcessor - [THYMELEAF][http-nio-8080-exec-6][layout] Deprecated unwrapped fragment expression "${contentTemplate} :: content" found in template layout, line 21, col 10. Please use the complete syntax of fragment expressions instead ("~{${contentTemplate} :: content}"). The old, unwrapped syntax for fragment expressions will be removed in future versions of Thymeleaf.
2025-06-03 18:46:45 WARN  o.t.s.p.AbstractStandardFragmentInsertionTagProcessor - [THYMELEAF][http-nio-8080-exec-5][layout] Deprecated unwrapped fragment expression "${contentTemplate} :: content" found in template layout, line 21, col 10. Please use the complete syntax of fragment expressions instead ("~{${contentTemplate} :: content}"). The old, unwrapped syntax for fragment expressions will be removed in future versions of Thymeleaf.
2025-06-03 18:46:47 WARN  o.t.s.p.AbstractStandardFragmentInsertionTagProcessor - [THYMELEAF][http-nio-8080-exec-7][layout] Deprecated unwrapped fragment expression "${contentTemplate} :: content" found in template layout, line 21, col 10. Please use the complete syntax of fragment expressions instead ("~{${contentTemplate} :: content}"). The old, unwrapped syntax for fragment expressions will be removed in future versions of Thymeleaf.
2025-06-03 18:46:48 WARN  o.t.s.p.AbstractStandardFragmentInsertionTagProcessor - [THYMELEAF][http-nio-8080-exec-9][layout] Deprecated unwrapped fragment expression "${contentTemplate} :: content" found in template layout, line 21, col 10. Please use the complete syntax of fragment expressions instead ("~{${contentTemplate} :: content}"). The old, unwrapped syntax for fragment expressions will be removed in future versions of Thymeleaf.
2025-06-03 18:46:49 WARN  o.t.s.p.AbstractStandardFragmentInsertionTagProcessor - [THYMELEAF][http-nio-8080-exec-1][layout] Deprecated unwrapped fragment expression "${contentTemplate} :: content" found in template layout, line 21, col 10. Please use the complete syntax of fragment expressions instead ("~{${contentTemplate} :: content}"). The old, unwrapped syntax for fragment expressions will be removed in future versions of Thymeleaf.
2025-06-03 18:46:50 WARN  o.t.s.p.AbstractStandardFragmentInsertionTagProcessor - [THYMELEAF][http-nio-8080-exec-6][layout] Deprecated unwrapped fragment expression "${contentTemplate} :: content" found in template layout, line 21, col 10. Please use the complete syntax of fragment expressions instead ("~{${contentTemplate} :: content}"). The old, unwrapped syntax for fragment expressions will be removed in future versions of Thymeleaf.
2025-06-03 18:46:52 WARN  o.t.s.p.AbstractStandardFragmentInsertionTagProcessor - [THYMELEAF][http-nio-8080-exec-7][layout] Deprecated unwrapped fragment expression "${contentTemplate} :: content" found in template layout, line 21, col 10. Please use the complete syntax of fragment expressions instead ("~{${contentTemplate} :: content}"). The old, unwrapped syntax for fragment expressions will be removed in future versions of Thymeleaf.
2025-06-03 22:54:43 WARN  com.zaxxer.hikari.pool.HikariPool - HikariPool-1 - Thread starvation or clock leap detected (housekeeper delta=3h5m57s952ms403µs700ns).
